[0.006s][info][gc] Using G1
[0.151s][info][gc] GC(0) Pause Young (Normal) (G1 Evacuation Pause) 25M->24M(514M) 12.519ms
[0.162s][info][gc] GC(1) Pause Young (Normal) (G1 Evacuation Pause) 45M->45M(514M) 9.249ms
[0.173s][info][gc] GC(2) Pause Young (Normal) (G1 Evacuation Pause) 66M->66M(514M) 9.274ms
[0.184s][info][gc] GC(3) Pause Young (Normal) (G1 Evacuation Pause) 87M->87M(514M) 8.750ms
[0.203s][info][gc] GC(4) Pause Young (Normal) (G1 Evacuation Pause) 109M->109M(514M) 15.256ms
[0.222s][info][gc] GC(5) Pause Young (Normal) (G1 Evacuation Pause) 141M->141M(718M) 11.193ms
[0.261s][info][gc] GC(6) Pause Young (Normal) (G1 Evacuation Pause) 180M->180M(718M) 11.675ms
[0.292s][info][gc] GC(7) Pause Young (Normal) (G1 Evacuation Pause) 229M->229M(718M) 18.385ms
[0.329s][info][gc] GC(8) Pause Young (Normal) (G1 Evacuation Pause) 290M->290M(718M) 25.894ms
[0.386s][info][gc] GC(9) Pause Young (Normal) (G1 Evacuation Pause) 364M->364M(841M) 40.450ms
[0.477s][info][gc] GC(10) Pause Young (Normal) (G1 Evacuation Pause) 451M->452M(841M) 30.144ms
[0.513s][info][gc] GC(11) Pause Young (Concurrent Start) (G1 Evacuation Pause) 547M->547M(841M) 23.752ms
[0.513s][info][gc] GC(12) Concurrent Mark Cycle
[0.542s][info][gc] GC(13) Pause Young (Normal) (G1 Evacuation Pause) 613M->613M(841M) 17.556ms
[0.556s][info][gc] GC(14) Pause Young (Normal) (G1 Evacuation Pause) 658M->658M(915M) 12.119ms
[0.563s][info][gc] GC(12) Pause Remark 665M->665M(1024M) 1.666ms
[0.567s][info][gc] GC(12) Pause Cleanup 670M->670M(1024M) 0.191ms
[0.578s][info][gc] GC(12) Concurrent Mark Cycle 65.202ms
[0.598s][info][gc] GC(15) Pause Young (Normal) (G1 Evacuation Pause) 710M->699M(1024M) 7.578ms
[0.630s][info][gc] GC(16) Pause Young (Concurrent Start) (G1 Evacuation Pause) 771M->771M(1024M) 12.854ms
[0.630s][info][gc] GC(17) Concurrent Mark Cycle
[0.644s][info][gc] GC(18) Pause Young (Normal) (G1 Evacuation Pause) 818M->818M(1024M) 8.986ms
[0.660s][info][gc] GC(19) Pause Young (Normal) (G1 Evacuation Pause) 861M->861M(1024M) 11.932ms
[0.665s][info][gc] GC(17) Pause Remark 895M->244M(820M) 1.302ms
[0.682s][info][gc] GC(20) Pause Young (Normal) (G1 Evacuation Pause) 254M->254M(820M) 9.071ms
[0.688s][info][gc] GC(17) Pause Cleanup 275M->275M(820M) 0.182ms
[0.693s][info][gc] GC(17) Concurrent Mark Cycle 62.879ms
[0.725s][info][gc] GC(21) Pause Young (Normal) (G1 Evacuation Pause) 408M->408M(820M) 25.169ms
[0.772s][info][gc] GC(22) Pause Young (Concurrent Start) (G1 Evacuation Pause) 512M->512M(820M) 31.205ms
[0.773s][info][gc] GC(23) Concurrent Mark Cycle
[0.792s][info][gc] GC(24) Pause Young (Normal) (G1 Evacuation Pause) 583M->583M(820M) 12.270ms
[0.806s][info][gc] GC(25) Pause Young (Normal) (G1 Evacuation Pause) 631M->631M(902M) 9.643ms
[0.810s][info][gc] GC(23) Pause Remark 652M->652M(1024M) 1.282ms
[0.814s][info][gc] GC(23) Pause Cleanup 670M->670M(1024M) 0.173ms
[0.817s][info][gc] GC(23) Concurrent Mark Cycle 44.221ms
[0.826s][info][gc] GC(26) Pause Young (Normal) (G1 Evacuation Pause) 687M->636M(1024M) 5.198ms
[0.874s][info][gc] GC(27) Pause Young (Concurrent Start) (G1 Evacuation Pause) 733M->733M(1024M) 15.293ms
[0.874s][info][gc] GC(28) Concurrent Mark Cycle
[0.894s][info][gc] GC(29) Pause Young (Normal) (G1 Evacuation Pause) 793M->793M(1024M) 15.250ms
[0.920s][info][gc] GC(30) Pause Young (Normal) (G1 Evacuation Pause) 834M->834M(1024M) 21.437ms
[0.925s][info][gc] GC(28) Pause Remark 841M->225M(757M) 3.923ms
[0.927s][info][gc] GC(28) Pause Cleanup 249M->249M(757M) 0.179ms
[0.935s][info][gc] GC(31) Pause Young (Normal) (G1 Evacuation Pause) 262M->262M(757M) 6.987ms
[0.936s][info][gc] GC(28) Concurrent Mark Cycle 62.361ms
[0.980s][info][gc] GC(32) Pause Young (Normal) (G1 Evacuation Pause) 396M->396M(757M) 20.691ms
[1.012s][info][gc] GC(33) Pause Young (Concurrent Start) (G1 Evacuation Pause) 485M->485M(757M) 23.624ms
[1.012s][info][gc] GC(34) Concurrent Mark Cycle
[1.039s][info][gc] GC(35) Pause Young (Normal) (G1 Evacuation Pause) 545M->545M(757M) 18.634ms
[1.060s][info][gc] GC(34) Pause Remark 580M->580M(970M) 4.526ms
[1.086s][info][gc] GC(36) Pause Young (Normal) (G1 Evacuation Pause) 587M->587M(992M) 23.036ms
[1.118s][info][gc] GC(34) Pause Cleanup 661M->661M(992M) 1.629ms
[1.131s][info][gc] GC(34) Concurrent Mark Cycle 118.693ms
[1.147s][info][gc] GC(37) Pause Young (Normal) (G1 Evacuation Pause) 682M->588M(992M) 11.280ms
[1.206s][info][gc] GC(38) Pause Young (Concurrent Start) (G1 Evacuation Pause) 692M->692M(992M) 36.433ms
[1.206s][info][gc] GC(39) Concurrent Mark Cycle
[1.233s][info][gc] GC(40) Pause Young (Normal) (G1 Evacuation Pause) 756M->756M(992M) 18.186ms
[1.255s][info][gc] GC(41) Pause Young (Normal) (G1 Evacuation Pause) 798M->798M(992M) 16.687ms
[1.261s][info][gc] GC(39) Pause Remark 831M->258M(867M) 1.480ms
[1.265s][info][gc] GC(39) Pause Cleanup 262M->262M(867M) 0.287ms
[1.268s][info][gc] GC(39) Concurrent Mark Cycle 62.110ms
[1.285s][info][gc] GC(42) Pause Young (Normal) (G1 Evacuation Pause) 267M->267M(867M) 13.658ms
[1.376s][info][gc] GC(43) Pause Young (Normal) (G1 Evacuation Pause) 434M->434M(930M) 41.841ms
[1.477s][info][gc] GC(44) Pause Young (Normal) (G1 Evacuation Pause) 561M->561M(930M) 44.569ms
[1.512s][info][gc] GC(45) Pause Young (Concurrent Start) (G1 Evacuation Pause) 647M->647M(930M) 23.581ms
[1.512s][info][gc] GC(46) Concurrent Mark Cycle
[1.536s][info][gc] GC(47) Pause Young (Normal) (G1 Evacuation Pause) 705M->663M(930M) 6.656ms
[1.563s][info][gc] GC(48) Pause Young (Normal) (G1 Evacuation Pause) 719M->719M(968M) 19.686ms
[1.580s][info][gc] GC(46) Pause Remark 760M->760M(1024M) 7.106ms
[1.605s][info][gc] GC(49) Pause Young (Normal) (G1 Evacuation Pause) 766M->766M(1024M) 14.285ms
[1.611s][info][gc] GC(46) Pause Cleanup 812M->812M(1024M) 0.314ms
[1.626s][info][gc] GC(50) Pause Young (Normal) (G1 Evacuation Pause) 814M->814M(1024M) 12.705ms
[1.627s][info][gc] GC(46) Concurrent Mark Cycle 115.346ms
[1.650s][info][gc] GC(51) Pause Young (Normal) (G1 Evacuation Pause) 858M->858M(1024M) 17.057ms
[1.669s][info][gc] GC(52) Pause Young (Concurrent Start) (G1 Evacuation Pause) 902M->902M(1024M) 13.249ms
[1.669s][info][gc] GC(53) Concurrent Mark Cycle
[1.689s][info][gc] GC(54) Pause Young (Normal) (G1 Evacuation Pause) 946M->946M(1024M) 14.904ms
[1.705s][info][gc] GC(55) Pause Young (Normal) (G1 Preventive Collection) 978M->978M(1024M) 12.468ms
[1.712s][info][gc] GC(56) Pause Young (Normal) (G1 Preventive Collection) 995M->995M(1024M) 5.038ms
[1.716s][info][gc] GC(57) Pause Young (Normal) (G1 Preventive Collection) 1004M->1004M(1024M) 2.963ms
[1.721s][info][gc] GC(58) Pause Young (Normal) (G1 Preventive Collection) 1009M->1009M(1024M) 3.963ms
[1.723s][info][gc] GC(59) Pause Young (Normal) (G1 Preventive Collection) 1012M->1012M(1024M) 2.086ms
[1.725s][info][gc] GC(60) Pause Young (Normal) (G1 Preventive Collection) 1015M->1015M(1024M) 1.139ms
[1.727s][info][gc] GC(61) To-space exhausted
[1.727s][info][gc] GC(61) Pause Young (Normal) (G1 Preventive Collection) 1016M->1018M(1024M) 1.600ms
[1.728s][info][gc] GC(62) To-space exhausted
[1.728s][info][gc] GC(62) Pause Young (Normal) (G1 Preventive Collection) 1019M->1020M(1024M) 1.190ms
[1.730s][info][gc] GC(63) To-space exhausted
[1.730s][info][gc] GC(63) Pause Young (Normal) (G1 Preventive Collection) 1021M->1022M(1024M) 0.866ms
[1.808s][info][gc] GC(64) Pause Full (G1 Compaction Pause) 1022M->362M(1024M) 78.572ms
[1.809s][info][gc] GC(53) Concurrent Mark Cycle 139.563ms
[1.861s][info][gc] GC(65) Pause Young (Normal) (G1 Evacuation Pause) 535M->535M(1024M) 32.984ms
[1.876s][info][gc] GC(66) Pause Young (Concurrent Start) (G1 Evacuation Pause) 650M->519M(1024M) 1.690ms
[1.876s][info][gc] GC(67) Concurrent Mark Cycle
[1.892s][info][gc] GC(67) Pause Remark 641M->132M(512M) 1.248ms
[1.914s][info][gc] GC(68) Pause Young (Normal) (G1 Evacuation Pause) 140M->140M(512M) 20.954ms
[1.915s][info][gc] GC(67) Pause Cleanup 145M->145M(512M) 0.208ms
[1.916s][info][gc] GC(67) Concurrent Mark Cycle 39.922ms
[1.947s][info][gc] GC(69) Pause Young (Normal) (G1 Evacuation Pause) 244M->244M(512M) 21.053ms
[1.968s][info][gc] GC(70) Pause Young (Normal) (G1 Evacuation Pause) 312M->312M(512M) 13.575ms
[1.982s][info][gc] GC(71) Pause Young (Concurrent Start) (G1 Evacuation Pause) 357M->357M(717M) 10.062ms
[1.982s][info][gc] GC(72) Concurrent Mark Cycle
[2.002s][info][gc] GC(72) Pause Remark 444M->444M(744M) 0.706ms
[2.024s][info][gc] GC(73) Pause Young (Normal) (G1 Evacuation Pause) 447M->447M(744M) 21.410ms
[2.036s][info][gc] GC(72) Pause Cleanup 448M->448M(744M) 0.196ms
[2.038s][info][gc] GC(72) Concurrent Mark Cycle 56.051ms
[2.056s][info][gc] GC(74) Pause Young (Normal) (G1 Evacuation Pause) 515M->515M(744M) 12.596ms
[2.071s][info][gc] GC(75) Pause Young (Concurrent Start) (G1 Evacuation Pause) 562M->562M(744M) 10.725ms
[2.071s][info][gc] GC(76) Concurrent Mark Cycle
[2.080s][info][gc] GC(77) Pause Young (Normal) (G1 Evacuation Pause) 594M->594M(744M) 5.824ms
[2.091s][info][gc] GC(78) Pause Young (Normal) (G1 Evacuation Pause) 626M->626M(744M) 7.321ms
[2.102s][info][gc] GC(79) Pause Young (Normal) (G1 Evacuation Pause) 658M->658M(856M) 8.289ms
[2.113s][info][gc] GC(80) Pause Young (Normal) (G1 Evacuation Pause) 695M->676M(856M) 6.475ms
[2.119s][info][gc] GC(76) Pause Remark 680M->680M(1024M) 5.094ms
[2.133s][info][gc] GC(81) Pause Young (Normal) (G1 Evacuation Pause) 712M->712M(1024M) 10.046ms
[2.139s][info][gc] GC(76) Pause Cleanup 757M->757M(1024M) 0.432ms
[2.161s][info][gc] GC(82) Pause Young (Normal) (G1 Evacuation Pause) 778M->778M(1024M) 19.821ms
[2.164s][info][gc] GC(76) Concurrent Mark Cycle 92.552ms
[2.184s][info][gc] GC(83) Pause Young (Normal) (G1 Evacuation Pause) 822M->822M(1024M) 18.237ms
[2.202s][info][gc] GC(84) Pause Young (Concurrent Start) (G1 Evacuation Pause) 866M->866M(1024M) 13.726ms
[2.202s][info][gc] GC(85) Concurrent Mark Cycle
[2.220s][info][gc] GC(86) Pause Young (Normal) (G1 Evacuation Pause) 910M->910M(1024M) 13.939ms
[2.236s][info][gc] GC(87) Pause Young (Normal) (G1 Evacuation Pause) 954M->954M(1024M) 12.208ms
[2.245s][info][gc] GC(88) Pause Young (Normal) (G1 Preventive Collection) 983M->983M(1024M) 6.006ms
[2.251s][info][gc] GC(89) Pause Young (Normal) (G1 Preventive Collection) 998M->998M(1024M) 4.199ms
[2.252s][info][gc] GC(85) Pause Remark 1001M->353M(1024M) 0.920ms
[2.262s][info][gc] GC(90) Pause Young (Normal) (G1 Evacuation Pause) 394M->394M(1024M) 6.970ms
[2.263s][info][gc] GC(85) Pause Cleanup 405M->405M(1024M) 0.232ms
[2.269s][info][gc] GC(85) Concurrent Mark Cycle 66.936ms
[2.311s][info][gc] GC(91) Pause Young (Normal) (G1 Evacuation Pause) 565M->565M(1024M) 31.474ms
[2.323s][info][gc] GC(92) Pause Young (Concurrent Start) (G1 Evacuation Pause) 679M->549M(1024M) 1.615ms
[2.323s][info][gc] GC(93) Concurrent Mark Cycle
[2.333s][info][gc] GC(93) Pause Remark 649M->112M(512M) 1.249ms
[2.334s][info][gc] GC(93) Pause Cleanup 123M->123M(512M) 0.106ms
[2.336s][info][gc] GC(93) Concurrent Mark Cycle 12.822ms
[2.354s][info][gc] GC(94) Pause Young (Normal) (G1 Evacuation Pause) 140M->140M(512M) 17.788ms
[2.387s][info][gc] GC(95) Pause Young (Normal) (G1 Evacuation Pause) 243M->243M(512M) 21.925ms
[2.406s][info][gc] GC(96) Pause Young (Normal) (G1 Evacuation Pause) 311M->311M(512M) 12.246ms
[2.427s][info][gc] GC(97) Pause Young (Concurrent Start) (G1 Evacuation Pause) 356M->356M(717M) 16.278ms
[2.427s][info][gc] GC(98) Concurrent Mark Cycle
[2.463s][info][gc] GC(99) Pause Young (Normal) (G1 Evacuation Pause) 446M->446M(717M) 16.563ms
[2.475s][info][gc] GC(98) Pause Remark 480M->480M(804M) 0.677ms
[2.494s][info][gc] GC(100) Pause Young (Normal) (G1 Evacuation Pause) 507M->507M(804M) 16.871ms
[2.496s][info][gc] GC(98) Pause Cleanup 534M->534M(804M) 0.197ms
[2.498s][info][gc] GC(98) Concurrent Mark Cycle 71.759ms
[2.515s][info][gc] GC(101) Pause Young (Normal) (G1 Evacuation Pause) 574M->574M(804M) 13.617ms
[2.531s][info][gc] GC(102) Pause Young (Concurrent Start) (G1 Evacuation Pause) 619M->619M(804M) 9.338ms
[2.531s][info][gc] GC(103) Concurrent Mark Cycle
[2.551s][info][gc] GC(104) Pause Young (Normal) (G1 Evacuation Pause) 652M->652M(892M) 15.527ms
[2.565s][info][gc] GC(105) Pause Young (Normal) (G1 Evacuation Pause) 698M->674M(892M) 7.045ms
[2.588s][info][gc] GC(106) Pause Young (Normal) (G1 Evacuation Pause) 714M->714M(892M) 17.338ms
[2.592s][info][gc] GC(103) Pause Remark 736M->736M(1024M) 1.404ms
[2.607s][info][gc] GC(107) Pause Young (Normal) (G1 Evacuation Pause) 752M->752M(1024M) 13.572ms
[2.627s][info][gc] GC(108) Pause Young (Normal) (G1 Evacuation Pause) 805M->805M(1024M) 16.276ms
[2.629s][info][gc] GC(103) Pause Cleanup 815M->815M(1024M) 0.404ms
[2.647s][info][gc] GC(109) Pause Young (Normal) (G1 Evacuation Pause) 848M->848M(1024M) 14.571ms
[2.648s][info][gc] GC(103) Concurrent Mark Cycle 117.117ms
[2.665s][info][gc] GC(110) Pause Young (Normal) (G1 Evacuation Pause) 892M->892M(1024M) 11.128ms
[2.681s][info][gc] GC(111) Pause Young (Concurrent Start) (G1 Evacuation Pause) 936M->936M(1024M) 9.288ms
[2.681s][info][gc] GC(112) Concurrent Mark Cycle
[2.695s][info][gc] GC(113) Pause Young (Normal) (G1 Preventive Collection) 973M->973M(1024M) 8.531ms
[2.705s][info][gc] GC(114) Pause Young (Normal) (G1 Preventive Collection) 992M->992M(1024M) 7.707ms
[2.710s][info][gc] GC(115) Pause Young (Normal) (G1 Preventive Collection) 1002M->1002M(1024M) 3.881ms
[2.714s][info][gc] GC(116) Pause Young (Normal) (G1 Preventive Collection) 1008M->1008M(1024M) 3.523ms
[2.717s][info][gc] GC(117) Pause Young (Normal) (G1 Preventive Collection) 1011M->1011M(1024M) 2.692ms
[2.722s][info][gc] GC(118) Pause Young (Normal) (G1 Preventive Collection) 1014M->1014M(1024M) 4.482ms
[2.724s][info][gc] GC(119) Pause Young (Normal) (G1 Preventive Collection) 1015M->1015M(1024M) 1.659ms
[2.726s][info][gc] GC(120) Pause Young (Normal) (G1 Preventive Collection) 1016M->1016M(1024M) 1.312ms
[2.727s][info][gc] GC(121) Pause Young (Normal) (G1 Preventive Collection) 1018M->1018M(1024M) 1.052ms
[2.729s][info][gc] GC(122) To-space exhausted
[2.729s][info][gc] GC(122) Pause Young (Normal) (G1 Preventive Collection) 1019M->1021M(1024M) 1.002ms
[2.730s][info][gc] GC(123) To-space exhausted
[2.730s][info][gc] GC(123) Pause Young (Normal) (G1 Evacuation Pause) 1022M->1022M(1024M) 0.683ms
[2.809s][info][gc] GC(124) Pause Full (G1 Compaction Pause) 1022M->350M(1024M) 78.904ms
[2.809s][info][gc] GC(112) Concurrent Mark Cycle 127.747ms
[2.881s][info][gc] GC(125) Pause Young (Normal) (G1 Evacuation Pause) 528M->528M(1024M) 57.431ms
[2.905s][info][gc] GC(126) Pause Young (Concurrent Start) (G1 Evacuation Pause) 646M->507M(1024M) 7.327ms
[2.905s][info][gc] GC(127) Concurrent Mark Cycle
[2.917s][info][gc] GC(127) Pause Remark 569M->67M(512M) 2.688ms
[2.920s][info][gc] GC(127) Pause Cleanup 79M->79M(512M) 0.685ms
[2.922s][info][gc] GC(127) Concurrent Mark Cycle 16.774ms
[2.960s][info][gc] GC(128) Pause Young (Normal) (G1 Evacuation Pause) 139M->139M(512M) 32.339ms
[3.015s][info][gc] GC(129) Pause Young (Normal) (G1 Evacuation Pause) 244M->244M(512M) 35.238ms
[3.068s][info][gc] GC(130) Pause Young (Normal) (G1 Evacuation Pause) 312M->312M(512M) 29.096ms
[3.096s][info][gc] GC(131) Pause Young (Concurrent Start) (G1 Evacuation Pause) 357M->357M(717M) 9.751ms
[3.097s][info][gc] GC(132) Concurrent Mark Cycle
[3.120s][info][gc] GC(133) Pause Young (Normal) (G1 Evacuation Pause) 447M->447M(717M) 13.700ms
[3.123s][info][gc] GC(132) Pause Remark 469M->469M(785M) 1.614ms
[3.142s][info][gc] GC(134) Pause Young (Normal) (G1 Evacuation Pause) 508M->508M(785M) 16.151ms
[3.144s][info][gc] GC(132) Pause Cleanup 526M->526M(785M) 0.235ms
[3.146s][info][gc] GC(132) Concurrent Mark Cycle 49.314ms
[3.161s][info][gc] GC(135) Pause Young (Normal) (G1 Evacuation Pause) 569M->569M(785M) 13.270ms
[3.175s][info][gc] GC(136) Pause Young (Concurrent Start) (G1 Evacuation Pause) 610M->610M(881M) 11.117ms
[3.175s][info][gc] GC(137) Concurrent Mark Cycle
[3.194s][info][gc] GC(138) Pause Young (Normal) (G1 Evacuation Pause) 666M->666M(881M) 14.411ms
[3.206s][info][gc] GC(139) Pause Young (Normal) (G1 Evacuation Pause) 704M->691M(881M) 8.601ms
[3.216s][info][gc] GC(140) Pause Young (Normal) (G1 Evacuation Pause) 729M->729M(881M) 7.701ms
[3.227s][info][gc] GC(141) Pause Young (Normal) (G1 Evacuation Pause) 767M->767M(939M) 6.432ms
[3.231s][info][gc] GC(137) Pause Remark 768M->768M(1024M) 1.163ms
[3.246s][info][gc] GC(142) Pause Young (Normal) (G1 Evacuation Pause) 807M->807M(1024M) 10.521ms
[3.262s][info][gc] GC(143) Pause Young (Normal) (G1 Evacuation Pause) 852M->852M(1024M) 11.769ms
[3.262s][info][gc] GC(137) Pause Cleanup 854M->854M(1024M) 0.198ms
[3.275s][info][gc] GC(144) Pause Young (Normal) (G1 Evacuation Pause) 896M->896M(1024M) 8.909ms
[3.277s][info][gc] GC(137) Concurrent Mark Cycle 101.252ms
[3.290s][info][gc] GC(145) Pause Young (Normal) (G1 Evacuation Pause) 940M->940M(1024M) 10.756ms
[3.303s][info][gc] GC(146) Pause Young (Concurrent Start) (G1 Preventive Collection) 976M->976M(1024M) 11.680ms
[3.303s][info][gc] GC(147) Concurrent Mark Cycle
[3.311s][info][gc] GC(148) Pause Young (Normal) (G1 Preventive Collection) 994M->994M(1024M) 4.810ms
[3.315s][info][gc] GC(149) Pause Young (Normal) (G1 Preventive Collection) 1004M->1004M(1024M) 2.982ms
[3.319s][info][gc] GC(150) Pause Young (Normal) (G1 Preventive Collection) 1009M->1009M(1024M) 3.039ms
[3.321s][info][gc] GC(151) Pause Young (Normal) (G1 Preventive Collection) 1012M->1012M(1024M) 1.545ms
[3.324s][info][gc] GC(152) Pause Young (Normal) (G1 Preventive Collection) 1014M->1015M(1024M) 2.355ms
[3.325s][info][gc] GC(153) To-space exhausted
[3.325s][info][gc] GC(153) Pause Young (Normal) (G1 Preventive Collection) 1015M->1017M(1024M) 1.358ms
[3.327s][info][gc] GC(154) To-space exhausted
[3.327s][info][gc] GC(154) Pause Young (Normal) (G1 Preventive Collection) 1018M->1019M(1024M) 0.854ms
[3.327s][info][gc] GC(155) Pause Young (Normal) (G1 Preventive Collection) 1020M->1020M(1024M) 0.716ms
[3.328s][info][gc] GC(156) To-space exhausted
[3.328s][info][gc] GC(156) Pause Young (Normal) (G1 Preventive Collection) 1021M->1022M(1024M) 0.726ms
[3.382s][info][gc] GC(157) Pause Full (G1 Compaction Pause) 1022M->339M(1024M) 53.893ms
[3.383s][info][gc] GC(147) Concurrent Mark Cycle 79.167ms
[3.421s][info][gc] GC(158) Pause Young (Normal) (G1 Evacuation Pause) 522M->522M(1024M) 24.840ms
[3.449s][info][gc] GC(159) Pause Young (Concurrent Start) (G1 Evacuation Pause) 643M->643M(1024M) 20.760ms
[3.449s][info][gc] GC(160) Concurrent Mark Cycle
[3.466s][info][gc] GC(161) Pause Young (Normal) (G1 Evacuation Pause) 724M->704M(1024M) 11.535ms
[3.483s][info][gc] GC(162) Pause Young (Normal) (G1 Evacuation Pause) 765M->765M(1024M) 10.677ms
[3.486s][info][gc] GC(160) Pause Remark 801M->801M(1024M) 1.234ms
[3.498s][info][gc] GC(163) Pause Young (Normal) (G1 Evacuation Pause) 805M->805M(1024M) 8.040ms
[3.500s][info][gc] GC(160) Pause Cleanup 826M->826M(1024M) 0.410ms
[3.502s][info][gc] GC(160) Concurrent Mark Cycle 53.514ms
[3.511s][info][gc] GC(164) Pause Young (Normal) (G1 Evacuation Pause) 849M->849M(1024M) 7.976ms
[3.521s][info][gc] GC(165) Pause Young (Concurrent Start) (G1 Evacuation Pause) 893M->893M(1024M) 7.512ms
[3.521s][info][gc] GC(166) Concurrent Mark Cycle
[3.533s][info][gc] GC(167) Pause Young (Normal) (G1 Evacuation Pause) 937M->937M(1024M) 6.947ms
[3.539s][info][gc] GC(168) Pause Young (Normal) (G1 Preventive Collection) 963M->963M(1024M) 4.542ms
[3.543s][info][gc] GC(169) Pause Young (Normal) (G1 Preventive Collection) 976M->976M(1024M) 3.399ms
[3.546s][info][gc] GC(170) Pause Young (Normal) (G1 Preventive Collection) 983M->983M(1024M) 2.156ms
[3.548s][info][gc] GC(171) Pause Young (Normal) (G1 Preventive Collection) 986M->986M(1024M) 2.010ms
[3.550s][info][gc] GC(172) Pause Young (Normal) (G1 Preventive Collection) 990M->990M(1024M) 1.251ms
[3.552s][info][gc] GC(173) Pause Young (Normal) (G1 Preventive Collection) 991M->991M(1024M) 1.276ms
[3.553s][info][gc] GC(174) Pause Young (Normal) (G1 Preventive Collection) 994M->994M(1024M) 0.854ms
[3.554s][info][gc] GC(175) To-space exhausted
[3.554s][info][gc] GC(175) Pause Young (Normal) (G1 Preventive Collection) 995M->997M(1024M) 1.035ms
[3.555s][info][gc] GC(176) To-space exhausted
[3.555s][info][gc] GC(176) Pause Young (Normal) (G1 Preventive Collection) 998M->999M(1024M) 0.692ms
[3.607s][info][gc] GC(177) Pause Full (G1 Compaction Pause) 999M->349M(1024M) 51.861ms
[3.607s][info][gc] GC(166) Concurrent Mark Cycle 86.255ms
[3.641s][info][gc] GC(178) Pause Young (Normal) (G1 Evacuation Pause) 528M->527M(1024M) 22.123ms
[3.650s][info][gc] GC(179) Pause Young (Concurrent Start) (G1 Evacuation Pause) 646M->506M(1024M) 1.206ms
[3.650s][info][gc] GC(180) Concurrent Mark Cycle
[3.658s][info][gc] GC(180) Pause Remark 615M->114M(512M) 1.566ms
[3.660s][info][gc] GC(180) Pause Cleanup 132M->132M(512M) 0.133ms
[3.676s][info][gc] GC(181) Pause Young (Normal) (G1 Evacuation Pause) 139M->139M(512M) 15.167ms
[3.676s][info][gc] GC(180) Concurrent Mark Cycle 26.027ms
[3.697s][info][gc] GC(182) Pause Young (Normal) (G1 Evacuation Pause) 243M->243M(512M) 15.147ms
[3.713s][info][gc] GC(183) Pause Young (Normal) (G1 Evacuation Pause) 311M->311M(512M) 10.873ms
[3.724s][info][gc] GC(184) Pause Young (Concurrent Start) (G1 Evacuation Pause) 356M->356M(717M) 7.792ms
[3.724s][info][gc] GC(185) Concurrent Mark Cycle
[3.742s][info][gc] GC(186) Pause Young (Normal) (G1 Evacuation Pause) 446M->446M(717M) 12.446ms
[3.746s][info][gc] GC(185) Pause Remark 499M->499M(835M) 1.223ms
[3.756s][info][gc] GC(187) Pause Young (Normal) (G1 Evacuation Pause) 507M->507M(835M) 9.121ms
[3.779s][info][gc] GC(188) Pause Young (Normal) (G1 Evacuation Pause) 582M->582M(835M) 10.650ms
[3.783s][info][gc] GC(185) Pause Cleanup 583M->583M(835M) 0.194ms
[3.785s][info][gc] GC(185) Concurrent Mark Cycle 61.124ms
[3.795s][info][gc] GC(189) Pause Young (Normal) (G1 Evacuation Pause) 634M->634M(835M) 8.170ms
[3.805s][info][gc] GC(190) Pause Young (Concurrent Start) (G1 Evacuation Pause) 669M->669M(911M) 6.398ms
[3.805s][info][gc] GC(191) Concurrent Mark Cycle
[3.816s][info][gc] GC(192) Pause Young (Normal) (G1 Evacuation Pause) 715M->707M(911M) 7.032ms
[3.828s][info][gc] GC(193) Pause Young (Normal) (G1 Evacuation Pause) 745M->745M(911M) 8.658ms
[3.840s][info][gc] GC(194) Pause Young (Normal) (G1 Evacuation Pause) 784M->784M(911M) 9.812ms
[3.851s][info][gc] GC(195) Pause Young (Normal) (G1 Evacuation Pause) 823M->823M(957M) 8.126ms
[3.864s][info][gc] GC(196) Pause Young (Normal) (G1 Evacuation Pause) 864M->864M(957M) 9.688ms
[3.865s][info][gc] GC(191) Pause Remark 865M->865M(1024M) 1.364ms
[3.879s][info][gc] GC(197) Pause Young (Normal) (G1 Evacuation Pause) 905M->905M(1024M) 11.000ms
[3.893s][info][gc] GC(198) Pause Young (Normal) (G1 Evacuation Pause) 950M->950M(1024M) 10.938ms
[3.895s][info][gc] GC(191) Pause Cleanup 971M->971M(1024M) 0.287ms
[3.905s][info][gc] GC(199) Pause Young (Normal) (G1 Preventive Collection) 981M->981M(1024M) 8.084ms
[3.912s][info][gc] GC(200) Pause Young (Normal) (G1 Preventive Collection) 997M->997M(1024M) 6.390ms
[3.923s][info][gc] GC(201) Pause Young (Normal) (G1 Preventive Collection) 1005M->1005M(1024M) 8.717ms
[3.926s][info][gc] GC(202) Pause Young (Normal) (G1 Preventive Collection) 1009M->1009M(1024M) 3.016ms
[3.934s][info][gc] GC(203) Pause Young (Normal) (G1 Preventive Collection) 1013M->1013M(1024M) 7.369ms
[3.935s][info][gc] GC(191) Concurrent Mark Cycle 129.951ms
[3.936s][info][gc] GC(204) Pause Young (Normal) (G1 Preventive Collection) 1014M->1015M(1024M) 1.522ms
[3.938s][info][gc] GC(205) Pause Young (Concurrent Start) (G1 Preventive Collection) 1016M->1016M(1024M) 1.475ms
[3.938s][info][gc] GC(206) Concurrent Mark Cycle
[3.940s][info][gc] GC(207) To-space exhausted
[3.940s][info][gc] GC(207) Pause Young (Normal) (G1 Preventive Collection) 1017M->1018M(1024M) 1.630ms
[3.942s][info][gc] GC(208) Pause Young (Normal) (G1 Preventive Collection) 1019M->1019M(1024M) 1.292ms
[3.943s][info][gc] GC(209) To-space exhausted
[3.943s][info][gc] GC(209) Pause Young (Normal) (G1 Preventive Collection) 1020M->1021M(1024M) 0.980ms
[3.944s][info][gc] GC(210) To-space exhausted
[3.944s][info][gc] GC(210) Pause Young (Normal) (G1 Evacuation Pause) 1022M->1022M(1024M) 0.937ms
[3.990s][info][gc] GC(211) Pause Full (G1 Compaction Pause) 1022M->336M(1024M) 45.956ms
[3.990s][info][gc] GC(206) Concurrent Mark Cycle 52.123ms
[4.025s][info][gc] GC(212) Pause Young (Normal) (G1 Evacuation Pause) 523M->523M(1024M) 22.698ms
[4.033s][info][gc] GC(213) Pause Young (Concurrent Start) (G1 Evacuation Pause) 646M->500M(1024M) 1.213ms
[4.033s][info][gc] GC(214) Concurrent Mark Cycle
[4.043s][info][gc] GC(214) Pause Remark 625M->129M(512M) 1.412ms
[4.059s][info][gc] GC(215) Pause Young (Normal) (G1 Evacuation Pause) 143M->143M(512M) 15.492ms
[4.060s][info][gc] GC(214) Pause Cleanup 145M->145M(512M) 0.107ms
[4.061s][info][gc] GC(214) Concurrent Mark Cycle 27.362ms
[4.080s][info][gc] GC(216) Pause Young (Normal) (G1 Evacuation Pause) 247M->247M(512M) 14.609ms
[4.095s][info][gc] GC(217) Pause Young (Concurrent Start) (G1 Evacuation Pause) 314M->314M(512M) 10.405ms
[4.095s][info][gc] GC(218) Concurrent Mark Cycle
[4.106s][info][gc] GC(219) Pause Young (Normal) (G1 Evacuation Pause) 359M->359M(717M) 8.136ms
[4.112s][info][gc] GC(218) Pause Remark 438M->438M(734M) 1.020ms
[4.126s][info][gc] GC(220) Pause Young (Normal) (G1 Evacuation Pause) 448M->448M(734M) 12.826ms
[4.130s][info][gc] GC(218) Pause Cleanup 488M->488M(734M) 0.291ms
[4.132s][info][gc] GC(218) Concurrent Mark Cycle 36.939ms
[4.143s][info][gc] GC(221) Pause Young (Normal) (G1 Evacuation Pause) 513M->513M(734M) 10.339ms
[4.160s][info][gc] GC(222) Pause Young (Concurrent Start) (G1 Evacuation Pause) 558M->558M(734M) 7.324ms
[4.160s][info][gc] GC(223) Concurrent Mark Cycle
[4.169s][info][gc] GC(224) Pause Young (Normal) (G1 Evacuation Pause) 588M->588M(734M) 5.522ms
[4.183s][info][gc] GC(225) Pause Young (Normal) (G1 Evacuation Pause) 618M->618M(850M) 5.640ms
[4.197s][info][gc] GC(226) Pause Young (Normal) (G1 Evacuation Pause) 663M->663M(850M) 10.921ms
[4.205s][info][gc] GC(227) Pause Young (Normal) (G1 Evacuation Pause) 698M->685M(850M) 5.743ms
[4.209s][info][gc] GC(223) Pause Remark 705M->705M(1024M) 2.035ms
[4.220s][info][gc] GC(228) Pause Young (Normal) (G1 Evacuation Pause) 721M->721M(1024M) 9.933ms
[4.237s][info][gc] GC(229) Pause Young (Normal) (G1 Evacuation Pause) 783M->783M(1024M) 12.674ms
[4.238s][info][gc] GC(223) Pause Cleanup 784M->784M(1024M) 0.219ms
[4.251s][info][gc] GC(230) Pause Young (Normal) (G1 Evacuation Pause) 825M->825M(1024M) 9.812ms
[4.252s][info][gc] GC(223) Concurrent Mark Cycle 91.494ms
[4.265s][info][gc] GC(231) Pause Young (Normal) (G1 Evacuation Pause) 868M->868M(1024M) 10.989ms
[4.275s][info][gc] GC(232) Pause Young (Concurrent Start) (G1 Evacuation Pause) 912M->912M(1024M) 7.858ms
[4.275s][info][gc] GC(233) Concurrent Mark Cycle
[4.285s][info][gc] GC(234) Pause Young (Normal) (G1 Evacuation Pause) 956M->956M(1024M) 6.829ms
[4.293s][info][gc] GC(235) Pause Young (Normal) (G1 Preventive Collection) 984M->984M(1024M) 4.585ms
[4.297s][info][gc] GC(236) Pause Young (Normal) (G1 Preventive Collection) 998M->998M(1024M) 3.190ms
[4.301s][info][gc] GC(237) Pause Young (Normal) (G1 Preventive Collection) 1006M->1006M(1024M) 2.472ms
[4.304s][info][gc] GC(238) Pause Young (Normal) (G1 Preventive Collection) 1010M->1010M(1024M) 2.957ms
[4.310s][info][gc] GC(239) Pause Young (Normal) (G1 Preventive Collection) 1013M->1013M(1024M) 3.713ms
[4.311s][info][gc] GC(240) Pause Young (Normal) (G1 Preventive Collection) 1015M->1015M(1024M) 1.073ms
[4.313s][info][gc] GC(241) Pause Young (Normal) (G1 Preventive Collection) 1016M->1016M(1024M) 1.311ms
[4.315s][info][gc] GC(242) Pause Young (Normal) (G1 Preventive Collection) 1017M->1017M(1024M) 1.260ms
[4.316s][info][gc] GC(243) To-space exhausted
[4.316s][info][gc] GC(243) Pause Young (Normal) (G1 Preventive Collection) 1018M->1019M(1024M) 1.108ms
[4.318s][info][gc] GC(244) To-space exhausted
[4.318s][info][gc] GC(244) Pause Young (Normal) (G1 Preventive Collection) 1020M->1021M(1024M) 1.564ms
[4.322s][info][gc] GC(245) To-space exhausted
[4.322s][info][gc] GC(245) Pause Young (Normal) (G1 Evacuation Pause) 1022M->1022M(1024M) 2.997ms
[4.377s][info][gc] GC(246) Pause Full (G1 Compaction Pause) 1022M->341M(1024M) 55.071ms
[4.377s][info][gc] GC(233) Concurrent Mark Cycle 101.859ms
[4.414s][info][gc] GC(247) Pause Young (Normal) (G1 Evacuation Pause) 522M->522M(1024M) 24.374ms
[4.442s][info][gc] GC(248) Pause Young (Concurrent Start) (G1 Evacuation Pause) 642M->642M(1024M) 19.407ms
[4.442s][info][gc] GC(249) Concurrent Mark Cycle
[4.461s][info][gc] GC(250) Pause Young (Normal) (G1 Evacuation Pause) 723M->703M(1024M) 11.951ms
[4.477s][info][gc] GC(251) Pause Young (Normal) (G1 Evacuation Pause) 764M->764M(1024M) 11.457ms
[4.480s][info][gc] GC(249) Pause Remark 804M->804M(1024M) 1.304ms
[4.490s][info][gc] GC(252) Pause Young (Normal) (G1 Evacuation Pause) 805M->805M(1024M) 9.347ms
[4.501s][info][gc] GC(253) Pause Young (Normal) (G1 Evacuation Pause) 848M->848M(1024M) 7.714ms
[4.505s][info][gc] GC(249) Pause Cleanup 888M->888M(1024M) 0.242ms
[4.513s][info][gc] GC(254) Pause Young (Normal) (G1 Evacuation Pause) 892M->892M(1024M) 6.785ms
[4.515s][info][gc] GC(249) Concurrent Mark Cycle 72.305ms
[4.525s][info][gc] GC(255) Pause Young (Normal) (G1 Evacuation Pause) 936M->936M(1024M) 7.241ms
[4.532s][info][gc] GC(256) Pause Young (Concurrent Start) (G1 Preventive Collection) 962M->962M(1024M) 5.308ms
[4.533s][info][gc] GC(257) Concurrent Mark Cycle
[4.539s][info][gc] GC(258) Pause Young (Normal) (G1 Preventive Collection) 975M->975M(1024M) 3.162ms
[4.541s][info][gc] GC(259) Pause Young (Normal) (G1 Preventive Collection) 982M->982M(1024M) 2.236ms
[4.544s][info][gc] GC(260) Pause Young (Normal) (G1 Preventive Collection) 985M->985M(1024M) 2.036ms
[4.546s][info][gc] GC(261) Pause Young (Normal) (G1 Preventive Collection) 989M->989M(1024M) 1.334ms
[4.548s][info][gc] GC(262) To-space exhausted
[4.548s][info][gc] GC(262) Pause Young (Normal) (G1 Preventive Collection) 990M->992M(1024M) 1.730ms
[4.549s][info][gc] GC(263) Pause Young (Normal) (G1 Preventive Collection) 994M->994M(1024M) 1.105ms
[4.551s][info][gc] GC(264) To-space exhausted
[4.551s][info][gc] GC(264) Pause Young (Normal) (G1 Preventive Collection) 995M->997M(1024M) 0.951ms
[4.611s][info][gc] GC(265) Pause Full (G1 Compaction Pause) 997M->346M(1024M) 59.978ms
[4.611s][info][gc] GC(257) Concurrent Mark Cycle 78.536ms
[4.653s][info][gc] GC(266) Pause Young (Normal) (G1 Evacuation Pause) 527M->527M(1024M) 27.843ms
[4.664s][info][gc] GC(267) Pause Young (Concurrent Start) (G1 Evacuation Pause) 646M->506M(1024M) 1.451ms
[4.664s][info][gc] GC(268) Concurrent Mark Cycle
[4.675s][info][gc] GC(268) Pause Remark 610M->109M(512M) 1.561ms
[4.677s][info][gc] GC(268) Pause Cleanup 124M->124M(512M) 0.215ms
[4.679s][info][gc] GC(268) Concurrent Mark Cycle 14.652ms
[4.697s][info][gc] GC(269) Pause Young (Normal) (G1 Evacuation Pause) 139M->139M(512M) 18.200ms
[4.724s][info][gc] GC(270) Pause Young (Normal) (G1 Evacuation Pause) 244M->244M(512M) 18.239ms
[4.743s][info][gc] GC(271) Pause Young (Normal) (G1 Evacuation Pause) 312M->312M(512M) 13.741ms
[4.756s][info][gc] GC(272) Pause Young (Concurrent Start) (G1 Evacuation Pause) 357M->357M(717M) 10.073ms
[4.756s][info][gc] GC(273) Concurrent Mark Cycle
[4.777s][info][gc] GC(274) Pause Young (Normal) (G1 Evacuation Pause) 447M->447M(717M) 15.221ms
[4.791s][info][gc] GC(273) Pause Remark 492M->492M(824M) 0.942ms
[4.803s][info][gc] GC(275) Pause Young (Normal) (G1 Evacuation Pause) 508M->508M(824M) 11.307ms
[4.808s][info][gc] GC(273) Pause Cleanup 545M->545M(824M) 0.259ms
[4.809s][info][gc] GC(273) Concurrent Mark Cycle 53.620ms
[4.823s][info][gc] GC(276) Pause Young (Normal) (G1 Evacuation Pause) 580M->580M(824M) 12.590ms
[4.836s][info][gc] GC(277) Pause Young (Concurrent Start) (G1 Evacuation Pause) 628M->628M(824M) 9.635ms
[4.836s][info][gc] GC(278) Concurrent Mark Cycle
[4.844s][info][gc] GC(279) Pause Young (Normal) (G1 Evacuation Pause) 662M->662M(824M) 5.732ms
[4.854s][info][gc] GC(280) Pause Young (Normal) (G1 Evacuation Pause) 697M->684M(904M) 6.359ms
[4.866s][info][gc] GC(281) Pause Young (Normal) (G1 Evacuation Pause) 724M->724M(904M) 9.643ms
[4.878s][info][gc] GC(282) Pause Young (Normal) (G1 Evacuation Pause) 763M->763M(904M) 9.180ms
[4.883s][info][gc] GC(278) Pause Remark 792M->792M(1024M) 1.906ms
[4.893s][info][gc] GC(283) Pause Young (Normal) (G1 Evacuation Pause) 802M->802M(1024M) 8.926ms
[4.906s][info][gc] GC(284) Pause Young (Normal) (G1 Evacuation Pause) 846M->846M(1024M) 8.984ms
[4.908s][info][gc] GC(278) Pause Cleanup 871M->871M(1024M) 0.337ms
[4.922s][info][gc] GC(285) Pause Young (Normal) (G1 Evacuation Pause) 890M->890M(1024M) 11.831ms
[4.924s][info][gc] GC(278) Concurrent Mark Cycle 87.577ms
[4.935s][info][gc] GC(286) Pause Young (Normal) (G1 Evacuation Pause) 934M->934M(1024M) 10.786ms
[4.945s][info][gc] GC(287) Pause Young (Concurrent Start) (G1 Preventive Collection) 973M->973M(1024M) 6.817ms
[4.945s][info][gc] GC(288) Concurrent Mark Cycle
[4.952s][info][gc] GC(289) Pause Young (Normal) (G1 Preventive Collection) 993M->993M(1024M) 5.444ms
[4.956s][info][gc] GC(290) Pause Young (Normal) (G1 Preventive Collection) 1003M->1003M(1024M) 2.632ms
[4.958s][info][gc] GC(291) Pause Young (Normal) (G1 Preventive Collection) 1008M->1008M(1024M) 2.423ms
[4.961s][info][gc] GC(292) Pause Young (Normal) (G1 Preventive Collection) 1012M->1012M(1024M) 1.589ms
[4.962s][info][gc] GC(293) Pause Young (Normal) (G1 Preventive Collection) 1014M->1014M(1024M) 1.246ms
[4.964s][info][gc] GC(294) Pause Young (Normal) (G1 Preventive Collection) 1016M->1016M(1024M) 1.373ms
[4.966s][info][gc] GC(295) Pause Young (Normal) (G1 Preventive Collection) 1017M->1017M(1024M) 1.350ms
[4.968s][info][gc] GC(296) Pause Young (Normal) (G1 Preventive Collection) 1018M->1018M(1024M) 1.446ms
[4.969s][info][gc] GC(297) To-space exhausted
[4.969s][info][gc] GC(297) Pause Young (Normal) (G1 Preventive Collection) 1019M->1021M(1024M) 1.069ms
[4.970s][info][gc] GC(298) To-space exhausted
[4.970s][info][gc] GC(298) Pause Young (Normal) (G1 Evacuation Pause) 1022M->1022M(1024M) 0.662ms
[5.025s][info][gc] GC(299) Pause Full (G1 Compaction Pause) 1022M->341M(1024M) 54.711ms
[5.025s][info][gc] GC(288) Concurrent Mark Cycle 79.984ms
[5.065s][info][gc] GC(300) Pause Young (Normal) (G1 Evacuation Pause) 522M->522M(1024M) 25.908ms
[5.092s][info][gc] GC(301) Pause Young (Concurrent Start) (G1 Evacuation Pause) 642M->642M(1024M) 17.916ms
[5.092s][info][gc] GC(302) Concurrent Mark Cycle
[5.108s][info][gc] GC(303) Pause Young (Normal) (G1 Evacuation Pause) 723M->703M(1024M) 10.102ms
[5.123s][info][gc] GC(304) Pause Young (Normal) (G1 Evacuation Pause) 764M->764M(1024M) 10.564ms
[5.127s][info][gc] GC(302) Pause Remark 799M->799M(1024M) 0.979ms
[5.135s][info][gc] GC(305) Pause Young (Normal) (G1 Evacuation Pause) 805M->805M(1024M) 7.532ms
[5.149s][info][gc] GC(306) Pause Young (Normal) (G1 Evacuation Pause) 848M->848M(1024M) 9.919ms
[5.152s][info][gc] GC(302) Pause Cleanup 882M->882M(1024M) 0.384ms
[5.161s][info][gc] GC(307) Pause Young (Normal) (G1 Evacuation Pause) 892M->892M(1024M) 8.101ms
[5.162s][info][gc] GC(302) Concurrent Mark Cycle 69.818ms
[5.174s][info][gc] GC(308) Pause Young (Normal) (G1 Evacuation Pause) 936M->936M(1024M) 8.428ms
[5.182s][info][gc] GC(309) Pause Young (Concurrent Start) (G1 Preventive Collection) 962M->962M(1024M) 5.914ms
[5.182s][info][gc] GC(310) Concurrent Mark Cycle
[5.189s][info][gc] GC(311) Pause Young (Normal) (G1 Preventive Collection) 975M->975M(1024M) 3.772ms
[5.193s][info][gc] GC(312) Pause Young (Normal) (G1 Preventive Collection) 982M->982M(1024M) 2.944ms
[5.195s][info][gc] GC(313) Pause Young (Normal) (G1 Preventive Collection) 985M->985M(1024M) 1.988ms
[5.197s][info][gc] GC(314) Pause Young (Normal) (G1 Preventive Collection) 989M->989M(1024M) 1.720ms
[5.199s][info][gc] GC(315) To-space exhausted
[5.199s][info][gc] GC(315) Pause Young (Normal) (G1 Preventive Collection) 990M->992M(1024M) 1.837ms
[5.201s][info][gc] GC(316) Pause Young (Normal) (G1 Preventive Collection) 994M->994M(1024M) 1.014ms
[5.202s][info][gc] GC(317) To-space exhausted
[5.202s][info][gc] GC(317) Pause Young (Normal) (G1 Preventive Collection) 995M->997M(1024M) 1.016ms
[5.254s][info][gc] GC(318) Pause Full (G1 Compaction Pause) 997M->346M(1024M) 52.071ms
[5.254s][info][gc] GC(310) Concurrent Mark Cycle 71.991ms
[5.290s][info][gc] GC(319) Pause Young (Normal) (G1 Evacuation Pause) 527M->527M(1024M) 23.435ms
[5.298s][info][gc] GC(320) Pause Young (Concurrent Start) (G1 Evacuation Pause) 646M->506M(1024M) 1.245ms
[5.298s][info][gc] GC(321) Concurrent Mark Cycle
[5.307s][info][gc] GC(321) Pause Remark 604M->102M(512M) 1.600ms
[5.308s][info][gc] GC(321) Pause Cleanup 115M->115M(512M) 0.106ms
[5.309s][info][gc] GC(321) Concurrent Mark Cycle 10.637ms
[5.326s][info][gc] GC(322) Pause Young (Normal) (G1 Evacuation Pause) 138M->138M(512M) 16.221ms
[5.360s][info][gc] GC(323) Pause Young (Normal) (G1 Evacuation Pause) 243M->243M(512M) 21.351ms
[5.379s][info][gc] GC(324) Pause Young (Normal) (G1 Evacuation Pause) 311M->311M(512M) 11.160ms
[5.390s][info][gc] GC(325) Pause Young (Concurrent Start) (G1 Evacuation Pause) 356M->356M(512M) 7.607ms
[5.390s][info][gc] GC(326) Concurrent Mark Cycle
[5.398s][info][gc] GC(327) Pause Young (Normal) (G1 Evacuation Pause) 387M->387M(717M) 5.615ms
[5.415s][info][gc] GC(328) Pause Young (Normal) (G1 Evacuation Pause) 467M->467M(717M) 11.636ms
[5.426s][info][gc] GC(326) Pause Remark 476M->476M(797M) 1.144ms
[5.438s][info][gc] GC(329) Pause Young (Normal) (G1 Evacuation Pause) 521M->521M(797M) 7.943ms
[5.446s][info][gc] GC(326) Pause Cleanup 532M->532M(797M) 0.255ms
[5.449s][info][gc] GC(326) Concurrent Mark Cycle 58.655ms
[5.462s][info][gc] GC(330) Pause Young (Normal) (G1 Evacuation Pause) 581M->581M(797M) 10.064ms
[5.472s][info][gc] GC(331) Pause Young (Concurrent Start) (G1 Evacuation Pause) 621M->621M(797M) 7.141ms
[5.473s][info][gc] GC(332) Concurrent Mark Cycle
[5.483s][info][gc] GC(333) Pause Young (Normal) (G1 Evacuation Pause) 653M->653M(888M) 7.341ms
[5.494s][info][gc] GC(334) Pause Young (Normal) (G1 Evacuation Pause) 698M->678M(888M) 6.642ms
[5.506s][info][gc] GC(335) Pause Young (Normal) (G1 Evacuation Pause) 716M->716M(888M) 9.667ms
[5.518s][info][gc] GC(336) Pause Young (Normal) (G1 Evacuation Pause) 754M->754M(888M) 9.748ms
[5.522s][info][gc] GC(332) Pause Remark 788M->788M(1024M) 2.123ms
[5.540s][info][gc] GC(337) Pause Young (Normal) (G1 Evacuation Pause) 791M->791M(1024M) 16.719ms
[5.551s][info][gc] GC(338) Pause Young (Normal) (G1 Evacuation Pause) 836M->836M(1024M) 7.869ms
[5.554s][info][gc] GC(332) Pause Cleanup 868M->868M(1024M) 0.237ms
[5.566s][info][gc] GC(339) Pause Young (Normal) (G1 Evacuation Pause) 880M->880M(1024M) 10.500ms
[5.568s][info][gc] GC(332) Concurrent Mark Cycle 95.564ms
[5.578s][info][gc] GC(340) Pause Young (Normal) (G1 Evacuation Pause) 924M->924M(1024M) 8.993ms
[5.588s][info][gc] GC(341) Pause Young (Concurrent Start) (G1 Preventive Collection) 967M->967M(1024M) 7.229ms
[5.588s][info][gc] GC(342) Concurrent Mark Cycle
[5.594s][info][gc] GC(343) Pause Young (Normal) (G1 Preventive Collection) 990M->990M(1024M) 4.287ms
[5.598s][info][gc] GC(344) Pause Young (Normal) (G1 Preventive Collection) 1001M->1001M(1024M) 3.112ms
[5.601s][info][gc] GC(345) Pause Young (Normal) (G1 Preventive Collection) 1007M->1007M(1024M) 2.194ms
[5.603s][info][gc] GC(346) Pause Young (Normal) (G1 Preventive Collection) 1011M->1011M(1024M) 1.707ms
[5.605s][info][gc] GC(347) Pause Young (Normal) (G1 Preventive Collection) 1014M->1014M(1024M) 1.201ms
[5.606s][info][gc] GC(348) Pause Young (Normal) (G1 Preventive Collection) 1016M->1016M(1024M) 1.058ms
[5.607s][info][gc] GC(349) To-space exhausted
[5.607s][info][gc] GC(349) Pause Young (Normal) (G1 Preventive Collection) 1017M->1018M(1024M) 1.148ms
[5.608s][info][gc] GC(350) Pause Young (Normal) (G1 Preventive Collection) 1019M->1019M(1024M) 0.771ms
[5.609s][info][gc] GC(351) To-space exhausted
[5.609s][info][gc] GC(351) Pause Young (Normal) (G1 Preventive Collection) 1020M->1022M(1024M) 0.717ms
[5.658s][info][gc] GC(352) Pause Full (G1 Compaction Pause) 1022M->348M(1024M) 48.805ms
[5.658s][info][gc] GC(342) Concurrent Mark Cycle 70.391ms
[5.693s][info][gc] GC(353) Pause Young (Normal) (G1 Evacuation Pause) 527M->527M(1024M) 24.171ms
[5.704s][info][gc] GC(354) Pause Young (Concurrent Start) (G1 Evacuation Pause) 646M->505M(1024M) 1.942ms
[5.704s][info][gc] GC(355) Concurrent Mark Cycle
[5.714s][info][gc] GC(355) Pause Remark 605M->104M(512M) 1.325ms
[5.715s][info][gc] GC(355) Pause Cleanup 117M->117M(512M) 0.155ms
[5.716s][info][gc] GC(355) Concurrent Mark Cycle 11.298ms
[5.734s][info][gc] GC(356) Pause Young (Normal) (G1 Evacuation Pause) 139M->139M(512M) 16.952ms
[5.756s][info][gc] GC(357) Pause Young (Normal) (G1 Evacuation Pause) 244M->244M(512M) 14.791ms
[5.772s][info][gc] GC(358) Pause Young (Normal) (G1 Evacuation Pause) 312M->312M(512M) 11.106ms
[5.783s][info][gc] GC(359) Pause Young (Concurrent Start) (G1 Evacuation Pause) 357M->357M(717M) 8.028ms
[5.783s][info][gc] GC(360) Concurrent Mark Cycle
[5.809s][info][gc] GC(361) Pause Young (Normal) (G1 Evacuation Pause) 446M->446M(717M) 14.244ms
[5.811s][info][gc] GC(360) Pause Remark 472M->472M(792M) 1.048ms
[5.833s][info][gc] GC(362) Pause Young (Normal) (G1 Evacuation Pause) 507M->507M(792M) 9.944ms
[5.839s][info][gc] GC(360) Pause Cleanup 525M->525M(792M) 0.176ms
[5.840s][info][gc] GC(360) Concurrent Mark Cycle 56.926ms
[5.851s][info][gc] GC(363) Pause Young (Normal) (G1 Evacuation Pause) 570M->570M(792M) 9.041ms
[5.860s][info][gc] GC(364) Pause Young (Concurrent Start) (G1 Evacuation Pause) 613M->613M(792M) 6.491ms
[5.860s][info][gc] GC(365) Concurrent Mark Cycle
[5.868s][info][gc] GC(366) Pause Young (Normal) (G1 Evacuation Pause) 645M->645M(885M) 5.144ms
[5.874s][info][gc] GC(367) Pause Young (Normal) (G1 Evacuation Pause) 691M->662M(885M) 3.301ms
[5.884s][info][gc] GC(368) Pause Young (Normal) (G1 Evacuation Pause) 705M->705M(885M) 7.245ms
[5.895s][info][gc] GC(369) Pause Young (Normal) (G1 Evacuation Pause) 742M->742M(885M) 8.666ms
[5.898s][info][gc] GC(365) Pause Remark 762M->762M(1024M) 1.679ms
[5.907s][info][gc] GC(370) Pause Young (Normal) (G1 Evacuation Pause) 780M->780M(1024M) 8.283ms
[5.920s][info][gc] GC(371) Pause Young (Normal) (G1 Evacuation Pause) 825M->825M(1024M) 9.382ms
[5.921s][info][gc] GC(365) Pause Cleanup 848M->848M(1024M) 0.301ms
[5.933s][info][gc] GC(372) Pause Young (Normal) (G1 Evacuation Pause) 869M->869M(1024M) 9.290ms
[5.934s][info][gc] GC(365) Concurrent Mark Cycle 74.363ms
[5.944s][info][gc] GC(373) Pause Young (Normal) (G1 Evacuation Pause) 913M->913M(1024M) 8.757ms
[5.954s][info][gc] GC(374) Pause Young (Concurrent Start) (G1 Evacuation Pause) 957M->957M(1024M) 7.014ms
[5.954s][info][gc] GC(375) Concurrent Mark Cycle
[5.960s][info][gc] GC(376) Pause Young (Normal) (G1 Preventive Collection) 984M->984M(1024M) 4.512ms
[5.964s][info][gc] GC(377) Pause Young (Normal) (G1 Preventive Collection) 998M->998M(1024M) 3.110ms
[5.967s][info][gc] GC(378) Pause Young (Normal) (G1 Preventive Collection) 1006M->1006M(1024M) 2.383ms
[5.970s][info][gc] GC(379) Pause Young (Normal) (G1 Preventive Collection) 1009M->1009M(1024M) 1.813ms
[5.971s][info][gc] GC(380) Pause Young (Normal) (G1 Preventive Collection) 1012M->1012M(1024M) 1.291ms
[5.973s][info][gc] GC(381) Pause Young (Normal) (G1 Preventive Collection) 1014M->1014M(1024M) 1.026ms
[5.974s][info][gc] GC(382) Pause Young (Normal) (G1 Preventive Collection) 1015M->1015M(1024M) 1.041ms
[5.975s][info][gc] GC(383) Pause Young (Normal) (G1 Preventive Collection) 1016M->1016M(1024M) 1.011ms
[5.976s][info][gc] GC(384) Pause Young (Normal) (G1 Preventive Collection) 1017M->1017M(1024M) 0.913ms
[5.977s][info][gc] GC(385) Pause Young (Normal) (G1 Preventive Collection) 1018M->1018M(1024M) 0.747ms
[5.978s][info][gc] GC(386) To-space exhausted
[5.978s][info][gc] GC(386) Pause Young (Normal) (G1 Preventive Collection) 1019M->1020M(1024M) 0.887ms
[5.979s][info][gc] GC(387) To-space exhausted
[5.979s][info][gc] GC(387) Pause Young (Normal) (G1 Preventive Collection) 1021M->1022M(1024M) 0.854ms
[6.037s][info][gc] GC(388) Pause Full (G1 Compaction Pause) 1022M->357M(1024M) 57.807ms
[6.037s][info][gc] GC(375) Concurrent Mark Cycle 83.820ms
[6.075s][info][gc] GC(389) Pause Young (Normal) (G1 Evacuation Pause) 533M->533M(1024M) 23.182ms
[6.087s][info][gc] GC(390) Pause Young (Concurrent Start) (G1 Evacuation Pause) 649M->516M(1024M) 3.003ms
[6.088s][info][gc] GC(391) Concurrent Mark Cycle
[6.124s][info][gc] GC(392) Pause Young (Normal) (G1 Evacuation Pause) 647M->647M(1024M) 23.663ms
[6.131s][info][gc] GC(391) Pause Remark 708M->201M(677M) 1.099ms
[6.145s][info][gc] GC(393) Pause Young (Normal) (G1 Evacuation Pause) 220M->220M(677M) 12.353ms
[6.145s][info][gc] GC(391) Pause Cleanup 221M->221M(677M) 0.146ms
[6.146s][info][gc] GC(391) Concurrent Mark Cycle 58.298ms
[6.171s][info][gc] GC(394) Pause Young (Normal) (G1 Evacuation Pause) 345M->345M(677M) 17.436ms
[6.191s][info][gc] GC(395) Pause Young (Concurrent Start) (G1 Evacuation Pause) 427M->427M(677M) 13.780ms
[6.191s][info][gc] GC(396) Concurrent Mark Cycle
[6.205s][info][gc] GC(397) Pause Young (Normal) (G1 Evacuation Pause) 483M->483M(816M) 9.973ms
[6.226s][info][gc] GC(398) Pause Young (Normal) (G1 Evacuation Pause) 560M->560M(816M) 12.596ms
[6.227s][info][gc] GC(396) Pause Remark 562M->562M(940M) 1.047ms
[6.240s][info][gc] GC(399) Pause Young (Normal) (G1 Evacuation Pause) 613M->613M(940M) 9.025ms
[6.246s][info][gc] GC(396) Pause Cleanup 627M->627M(940M) 0.382ms
[6.248s][info][gc] GC(396) Concurrent Mark Cycle 56.635ms
[6.254s][info][gc] GC(400) Pause Young (Normal) (G1 Evacuation Pause) 685M->620M(940M) 2.827ms
[6.273s][info][gc] GC(401) Pause Young (Concurrent Start) (G1 Evacuation Pause) 696M->696M(940M) 12.681ms
[6.273s][info][gc] GC(402) Concurrent Mark Cycle
[6.287s][info][gc] GC(403) Pause Young (Normal) (G1 Evacuation Pause) 742M->742M(974M) 9.035ms
[6.299s][info][gc] GC(404) Pause Young (Normal) (G1 Evacuation Pause) 783M->783M(974M) 7.727ms
[6.303s][info][gc] GC(402) Pause Remark 801M->199M(674M) 2.023ms
[6.311s][info][gc] GC(405) Pause Young (Normal) (G1 Evacuation Pause) 223M->222M(674M) 6.471ms
[6.312s][info][gc] GC(402) Pause Cleanup 223M->223M(674M) 0.254ms
[6.314s][info][gc] GC(402) Concurrent Mark Cycle 41.215ms
[6.340s][info][gc] GC(406) Pause Young (Normal) (G1 Evacuation Pause) 347M->347M(674M) 16.075ms
[6.360s][info][gc] GC(407) Pause Young (Concurrent Start) (G1 Evacuation Pause) 428M->428M(814M) 12.547ms
[6.360s][info][gc] GC(408) Concurrent Mark Cycle
[6.383s][info][gc] GC(409) Pause Young (Normal) (G1 Evacuation Pause) 523M->523M(814M) 14.030ms
[6.387s][info][gc] GC(408) Pause Remark 552M->552M(925M) 1.547ms
[6.391s][info][gc] GC(408) Pause Cleanup 558M->558M(925M) 0.179ms
[6.392s][info][gc] GC(408) Concurrent Mark Cycle 31.527ms
[6.410s][info][gc] GC(410) Pause Young (Normal) (G1 Evacuation Pause) 587M->587M(925M) 10.046ms
[6.437s][info][gc] GC(411) Pause Young (Concurrent Start) (G1 Evacuation Pause) 663M->663M(925M) 17.682ms
[6.437s][info][gc] GC(412) Concurrent Mark Cycle
[6.454s][info][gc] GC(413) Pause Young (Normal) (G1 Evacuation Pause) 715M->698M(925M) 10.739ms
[6.466s][info][gc] GC(414) Pause Young (Normal) (G1 Evacuation Pause) 739M->739M(965M) 9.047ms
[6.477s][info][gc] GC(412) Pause Remark 772M->772M(1024M) 0.961ms
[6.490s][info][gc] GC(415) Pause Young (Normal) (G1 Evacuation Pause) 779M->779M(1024M) 7.729ms
[6.492s][info][gc] GC(412) Pause Cleanup 800M->800M(1024M) 0.233ms
[6.494s][info][gc] GC(412) Concurrent Mark Cycle 56.740ms
[6.510s][info][gc] GC(416) Pause Young (Normal) (G1 Evacuation Pause) 824M->824M(1024M) 7.873ms
[6.524s][info][gc] GC(417) Pause Young (Concurrent Start) (G1 Evacuation Pause) 868M->868M(1024M) 10.147ms
[6.524s][info][gc] GC(418) Concurrent Mark Cycle
[6.539s][info][gc] GC(419) Pause Young (Normal) (G1 Evacuation Pause) 912M->912M(1024M) 10.809ms
[6.556s][info][gc] GC(420) Pause Young (Normal) (G1 Evacuation Pause) 956M->956M(1024M) 13.587ms
[6.567s][info][gc] GC(421) Pause Young (Normal) (G1 Preventive Collection) 984M->984M(1024M) 8.857ms
[6.572s][info][gc] GC(422) Pause Young (Normal) (G1 Preventive Collection) 998M->998M(1024M) 3.366ms
[6.575s][info][gc] GC(423) Pause Young (Normal) (G1 Preventive Collection) 1005M->1005M(1024M) 2.605ms
[6.577s][info][gc] GC(418) Pause Remark 1009M->360M(1024M) 1.170ms
[6.589s][info][gc] GC(424) Pause Young (Normal) (G1 Evacuation Pause) 400M->400M(1024M) 7.733ms
[6.592s][info][gc] GC(418) Pause Cleanup 410M->410M(1024M) 0.405ms
[6.595s][info][gc] GC(418) Concurrent Mark Cycle 71.061ms
[6.632s][info][gc] GC(425) Pause Young (Normal) (G1 Evacuation Pause) 569M->569M(1024M) 25.163ms
[6.643s][info][gc] GC(426) Pause Young (Concurrent Start) (G1 Evacuation Pause) 681M->558M(1024M) 2.201ms
[6.643s][info][gc] GC(427) Concurrent Mark Cycle
[6.653s][info][gc] GC(427) Pause Remark 643M->98M(512M) 1.216ms
[6.654s][info][gc] GC(427) Pause Cleanup 111M->111M(512M) 0.189ms
[6.656s][info][gc] GC(427) Concurrent Mark Cycle 13.014ms
[6.675s][info][gc] GC(428) Pause Young (Normal) (G1 Evacuation Pause) 138M->138M(512M) 18.005ms
[6.703s][info][gc] GC(429) Pause Young (Normal) (G1 Evacuation Pause) 243M->243M(512M) 18.426ms
[6.723s][info][gc] GC(430) Pause Young (Normal) (G1 Evacuation Pause) 311M->311M(512M) 14.246ms
[6.738s][info][gc] GC(431) Pause Young (Concurrent Start) (G1 Evacuation Pause) 357M->357M(717M) 11.761ms
[6.738s][info][gc] GC(432) Concurrent Mark Cycle
[6.761s][info][gc] GC(433) Pause Young (Normal) (G1 Evacuation Pause) 447M->447M(717M) 12.690ms
[6.773s][info][gc] GC(432) Pause Remark 463M->463M(775M) 0.790ms
[6.789s][info][gc] GC(434) Pause Young (Normal) (G1 Evacuation Pause) 508M->508M(775M) 12.914ms
[6.798s][info][gc] GC(432) Pause Cleanup 522M->522M(775M) 0.644ms
[6.800s][info][gc] GC(432) Concurrent Mark Cycle 61.994ms
[6.816s][info][gc] GC(435) Pause Young (Normal) (G1 Evacuation Pause) 566M->566M(775M) 13.172ms
[6.836s][info][gc] GC(436) Pause Young (Concurrent Start) (G1 Evacuation Pause) 606M->606M(775M) 14.911ms
[6.836s][info][gc] GC(437) Concurrent Mark Cycle
[6.850s][info][gc] GC(438) Pause Young (Normal) (G1 Evacuation Pause) 637M->637M(775M) 9.587ms
[6.866s][info][gc] GC(439) Pause Young (Normal) (G1 Evacuation Pause) 670M->632M(875M) 8.894ms
[6.885s][info][gc] GC(440) Pause Young (Normal) (G1 Evacuation Pause) 682M->682M(875M) 14.527ms
[6.901s][info][gc] GC(441) Pause Young (Normal) (G1 Evacuation Pause) 718M->718M(875M) 12.627ms
[6.906s][info][gc] GC(437) Pause Remark 753M->753M(1024M) 1.765ms
[6.916s][info][gc] GC(442) Pause Young (Normal) (G1 Evacuation Pause) 755M->755M(1024M) 9.232ms
[6.921s][info][gc] GC(437) Pause Cleanup 783M->783M(1024M) 0.319ms
[6.924s][info][gc] GC(437) Concurrent Mark Cycle 88.306ms
[6.948s][info][gc] GC(443) Pause Young (Normal) (G1 Evacuation Pause) 806M->806M(1024M) 11.919ms
[6.963s][info][gc] GC(444) Pause Young (Concurrent Start) (G1 Evacuation Pause) 849M->849M(1024M) 10.693ms
[6.963s][info][gc] GC(445) Concurrent Mark Cycle
[6.978s][info][gc] GC(446) Pause Young (Normal) (G1 Evacuation Pause) 893M->893M(1024M) 9.451ms
[6.995s][info][gc] GC(447) Pause Young (Normal) (G1 Evacuation Pause) 937M->937M(1024M) 10.769ms
[7.009s][info][gc] GC(448) Pause Young (Normal) (G1 Preventive Collection) 974M->974M(1024M) 9.129ms
[7.017s][info][gc] GC(449) Pause Young (Normal) (G1 Preventive Collection) 993M->993M(1024M) 6.828ms
[7.018s][info][gc] GC(445) Pause Remark 993M->364M(1024M) 1.017ms
[7.027s][info][gc] GC(450) Pause Young (Normal) (G1 Evacuation Pause) 408M->408M(1024M) 5.788ms
[7.028s][info][gc] GC(445) Pause Cleanup 409M->409M(1024M) 0.393ms
[7.034s][info][gc] GC(445) Concurrent Mark Cycle 70.570ms
[7.061s][info][gc] GC(451) Pause Young (Normal) (G1 Evacuation Pause) 574M->574M(1024M) 20.709ms
[7.071s][info][gc] GC(452) Pause Young (Concurrent Start) (G1 Evacuation Pause) 685M->567M(1024M) 2.333ms
[7.071s][info][gc] GC(453) Concurrent Mark Cycle
[7.080s][info][gc] GC(453) Pause Remark 666M->116M(512M) 1.384ms
[7.082s][info][gc] GC(453) Pause Cleanup 133M->133M(512M) 0.151ms
[7.099s][info][gc] GC(454) Pause Young (Normal) (G1 Evacuation Pause) 139M->139M(512M) 16.806ms
[7.100s][info][gc] GC(453) Concurrent Mark Cycle 28.496ms
[7.122s][info][gc] GC(455) Pause Young (Normal) (G1 Evacuation Pause) 242M->242M(512M) 15.881ms
[7.138s][info][gc] GC(456) Pause Young (Normal) (G1 Evacuation Pause) 310M->310M(512M) 11.899ms
[7.149s][info][gc] GC(457) Pause Young (Concurrent Start) (G1 Evacuation Pause) 356M->356M(717M) 8.372ms
[7.149s][info][gc] GC(458) Concurrent Mark Cycle
[7.168s][info][gc] GC(459) Pause Young (Normal) (G1 Evacuation Pause) 447M->447M(717M) 12.383ms
[7.171s][info][gc] GC(458) Pause Remark 477M->477M(799M) 0.851ms
[7.183s][info][gc] GC(460) Pause Young (Normal) (G1 Evacuation Pause) 508M->508M(799M) 9.412ms
[7.192s][info][gc] GC(458) Pause Cleanup 573M->573M(799M) 0.192ms
[7.206s][info][gc] GC(461) Pause Young (Normal) (G1 Evacuation Pause) 573M->573M(799M) 13.720ms
[7.207s][info][gc] GC(458) Concurrent Mark Cycle 57.993ms
[7.220s][info][gc] GC(462) Pause Young (Normal) (G1 Evacuation Pause) 618M->618M(799M) 7.726ms
[7.230s][info][gc] GC(463) Pause Young (Concurrent Start) (G1 Evacuation Pause) 650M->650M(889M) 7.112ms
[7.230s][info][gc] GC(464) Concurrent Mark Cycle
[7.241s][info][gc] GC(464) Pause Remark 694M->694M(1024M) 1.870ms
[7.248s][info][gc] GC(465) Pause Young (Normal) (G1 Evacuation Pause) 696M->672M(1024M) 5.625ms
[7.251s][info][gc] GC(464) Pause Cleanup 711M->711M(1024M) 0.231ms
[7.254s][info][gc] GC(464) Concurrent Mark Cycle 23.922ms
[7.289s][info][gc] GC(466) Pause Young (Normal) (G1 Evacuation Pause) 752M->752M(1024M) 16.831ms
[7.308s][info][gc] GC(467) Pause Young (Concurrent Start) (G1 Evacuation Pause) 805M->805M(1024M) 13.075ms
[7.308s][info][gc] GC(468) Concurrent Mark Cycle
[7.321s][info][gc] GC(469) Pause Young (Normal) (G1 Evacuation Pause) 848M->848M(1024M) 9.754ms
[7.334s][info][gc] GC(470) Pause Young (Normal) (G1 Evacuation Pause) 892M->892M(1024M) 9.817ms
[7.338s][info][gc] GC(468) Pause Remark 935M->293M(987M) 1.204ms
[7.345s][info][gc] GC(471) Pause Young (Normal) (G1 Evacuation Pause) 294M->293M(987M) 7.031ms
[7.348s][info][gc] GC(468) Pause Cleanup 330M->330M(987M) 0.245ms
[7.351s][info][gc] GC(468) Concurrent Mark Cycle 43.526ms
[7.399s][info][gc] GC(472) Pause Young (Normal) (G1 Evacuation Pause) 486M->486M(987M) 22.574ms
[7.426s][info][gc] GC(473) Pause Young (Concurrent Start) (G1 Evacuation Pause) 614M->614M(987M) 19.851ms
[7.426s][info][gc] GC(474) Concurrent Mark Cycle
[7.437s][info][gc] GC(475) Pause Young (Normal) (G1 Evacuation Pause) 700M->625M(1002M) 4.815ms
[7.444s][info][gc] GC(474) Pause Remark 715M->715M(1024M) 1.337ms
[7.460s][info][gc] GC(476) Pause Young (Normal) (G1 Evacuation Pause) 716M->716M(1024M) 15.284ms
[7.466s][info][gc] GC(474) Pause Cleanup 769M->769M(1024M) 0.280ms
[7.467s][info][gc] GC(474) Concurrent Mark Cycle 40.631ms
[7.480s][info][gc] GC(477) Pause Young (Normal) (G1 Evacuation Pause) 781M->781M(1024M) 10.525ms
[7.489s][info][gc] GC(478) Pause Young (Concurrent Start) (G1 Evacuation Pause) 824M->824M(1024M) 7.068ms
[7.490s][info][gc] GC(479) Concurrent Mark Cycle
[7.500s][info][gc] GC(480) Pause Young (Normal) (G1 Evacuation Pause) 868M->868M(1024M) 7.292ms
[7.510s][info][gc] GC(481) Pause Young (Normal) (G1 Evacuation Pause) 912M->912M(1024M) 6.826ms
[7.521s][info][gc] GC(482) Pause Young (Normal) (G1 Evacuation Pause) 956M->956M(1024M) 7.284ms
[7.523s][info][gc] GC(479) Pause Remark 977M->385M(1024M) 1.262ms
[7.532s][info][gc] GC(483) Pause Young (Normal) (G1 Evacuation Pause) 408M->408M(1024M) 7.047ms
[7.534s][info][gc] GC(479) Pause Cleanup 435M->435M(1024M) 0.311ms
[7.536s][info][gc] GC(479) Concurrent Mark Cycle 46.693ms
[7.566s][info][gc] GC(484) Pause Young (Normal) (G1 Evacuation Pause) 574M->574M(1024M) 20.782ms
[7.576s][info][gc] GC(485) Pause Young (Concurrent Start) (G1 Evacuation Pause) 684M->567M(1024M) 2.642ms
[7.576s][info][gc] GC(486) Concurrent Mark Cycle
[7.585s][info][gc] GC(486) Pause Remark 671M->121M(512M) 1.416ms
[7.586s][info][gc] GC(486) Pause Cleanup 139M->139M(512M) 0.131ms
[7.602s][info][gc] GC(487) Pause Young (Normal) (G1 Evacuation Pause) 139M->139M(512M) 15.938ms
[7.603s][info][gc] GC(486) Concurrent Mark Cycle 26.765ms
[7.625s][info][gc] GC(488) Pause Young (Normal) (G1 Evacuation Pause) 244M->244M(512M) 15.570ms
[7.642s][info][gc] GC(489) Pause Young (Normal) (G1 Evacuation Pause) 312M->312M(512M) 11.944ms
[7.656s][info][gc] GC(490) Pause Young (Concurrent Start) (G1 Evacuation Pause) 357M->357M(717M) 10.719ms
[7.656s][info][gc] GC(491) Concurrent Mark Cycle
[7.678s][info][gc] GC(492) Pause Young (Normal) (G1 Evacuation Pause) 446M->446M(717M) 14.126ms
[7.682s][info][gc] GC(491) Pause Remark 493M->493M(827M) 1.228ms
[7.693s][info][gc] GC(493) Pause Young (Normal) (G1 Evacuation Pause) 507M->507M(827M) 9.912ms
[7.703s][info][gc] GC(491) Pause Cleanup 547M->547M(827M) 0.240ms
[7.705s][info][gc] GC(491) Concurrent Mark Cycle 48.144ms
[7.717s][info][gc] GC(494) Pause Young (Normal) (G1 Evacuation Pause) 581M->581M(827M) 10.809ms
[7.729s][info][gc] GC(495) Pause Young (Concurrent Start) (G1 Evacuation Pause) 631M->631M(827M) 7.869ms
[7.729s][info][gc] GC(496) Concurrent Mark Cycle
[7.737s][info][gc] GC(497) Pause Young (Normal) (G1 Evacuation Pause) 665M->665M(906M) 5.737ms
[7.747s][info][gc] GC(498) Pause Young (Normal) (G1 Evacuation Pause) 711M->701M(906M) 6.835ms
[7.758s][info][gc] GC(499) Pause Young (Normal) (G1 Evacuation Pause) 739M->739M(906M) 7.820ms
[7.771s][info][gc] GC(500) Pause Young (Normal) (G1 Evacuation Pause) 778M->778M(906M) 9.144ms
[7.773s][info][gc] GC(496) Pause Remark 793M->793M(1024M) 1.745ms
[7.785s][info][gc] GC(501) Pause Young (Normal) (G1 Evacuation Pause) 817M->817M(1024M) 10.176ms
[7.799s][info][gc] GC(502) Pause Young (Normal) (G1 Evacuation Pause) 862M->862M(1024M) 10.535ms
[7.801s][info][gc] GC(496) Pause Cleanup 881M->881M(1024M) 0.295ms
[7.812s][info][gc] GC(503) Pause Young (Normal) (G1 Evacuation Pause) 906M->906M(1024M) 8.722ms
[7.813s][info][gc] GC(496) Concurrent Mark Cycle 83.540ms
[7.825s][info][gc] GC(504) Pause Young (Normal) (G1 Evacuation Pause) 950M->950M(1024M) 9.770ms
[7.833s][info][gc] GC(505) Pause Young (Concurrent Start) (G1 Preventive Collection) 981M->981M(1024M) 6.290ms
[7.833s][info][gc] GC(506) Concurrent Mark Cycle
[7.838s][info][gc] GC(507) Pause Young (Normal) (G1 Preventive Collection) 997M->997M(1024M) 3.897ms
[7.842s][info][gc] GC(508) Pause Young (Normal) (G1 Preventive Collection) 1005M->1005M(1024M) 3.367ms
[7.846s][info][gc] GC(509) Pause Young (Normal) (G1 Preventive Collection) 1009M->1009M(1024M) 2.868ms
[7.848s][info][gc] GC(510) Pause Young (Normal) (G1 Preventive Collection) 1012M->1012M(1024M) 1.814ms
[7.850s][info][gc] GC(511) Pause Young (Normal) (G1 Preventive Collection) 1014M->1014M(1024M) 1.444ms
[7.851s][info][gc] GC(512) Pause Young (Normal) (G1 Preventive Collection) 1016M->1016M(1024M) 1.186ms
[7.853s][info][gc] GC(513) Pause Young (Normal) (G1 Preventive Collection) 1017M->1017M(1024M) 1.211ms
[7.855s][info][gc] GC(514) Pause Young (Normal) (G1 Preventive Collection) 1018M->1018M(1024M) 1.142ms
[7.857s][info][gc] GC(515) To-space exhausted
[7.857s][info][gc] GC(515) Pause Young (Normal) (G1 Preventive Collection) 1019M->1020M(1024M) 2.110ms
[7.858s][info][gc] GC(516) To-space exhausted
[7.858s][info][gc] GC(516) Pause Young (Normal) (G1 Preventive Collection) 1021M->1022M(1024M) 0.983ms
[7.900s][info][gc] GC(517) Pause Full (G1 Compaction Pause) 1022M->339M(1024M) 42.124ms
[7.900s][info][gc] GC(506) Concurrent Mark Cycle 67.636ms
[7.936s][info][gc] GC(518) Pause Young (Normal) (G1 Evacuation Pause) 522M->522M(1024M) 23.340ms
[7.960s][info][gc] GC(519) Pause Young (Concurrent Start) (G1 Evacuation Pause) 643M->643M(1024M) 17.512ms
[7.960s][info][gc] GC(520) Concurrent Mark Cycle
[7.975s][info][gc] GC(521) Pause Young (Normal) (G1 Evacuation Pause) 724M->704M(1024M) 9.432ms
[7.989s][info][gc] GC(522) Pause Young (Normal) (G1 Evacuation Pause) 765M->765M(1024M) 9.615ms
[7.992s][info][gc] GC(520) Pause Remark 801M->801M(1024M) 0.993ms
[8.000s][info][gc] GC(523) Pause Young (Normal) (G1 Evacuation Pause) 806M->806M(1024M) 7.193ms
[8.010s][info][gc] GC(524) Pause Young (Normal) (G1 Evacuation Pause) 850M->850M(1024M) 7.029ms
[8.012s][info][gc] GC(520) Pause Cleanup 881M->881M(1024M) 0.350ms
[8.021s][info][gc] GC(525) Pause Young (Normal) (G1 Evacuation Pause) 894M->894M(1024M) 7.042ms
[8.021s][info][gc] GC(520) Concurrent Mark Cycle 61.332ms
[8.032s][info][gc] GC(526) Pause Young (Normal) (G1 Evacuation Pause) 938M->938M(1024M) 8.318ms
[8.038s][info][gc] GC(527) Pause Young (Concurrent Start) (G1 Preventive Collection) 964M->964M(1024M) 4.815ms
[8.038s][info][gc] GC(528) Concurrent Mark Cycle
[8.043s][info][gc] GC(529) Pause Young (Normal) (G1 Preventive Collection) 977M->977M(1024M) 3.520ms
[8.046s][info][gc] GC(530) Pause Young (Normal) (G1 Preventive Collection) 984M->984M(1024M) 2.182ms
[8.051s][info][gc] GC(531) Pause Young (Normal) (G1 Preventive Collection) 987M->987M(1024M) 1.579ms
[8.053s][info][gc] GC(532) Pause Young (Normal) (G1 Preventive Collection) 990M->991M(1024M) 1.164ms
[8.055s][info][gc] GC(533) To-space exhausted
[8.055s][info][gc] GC(533) Pause Young (Normal) (G1 Preventive Collection) 991M->993M(1024M) 1.627ms
[8.056s][info][gc] GC(534) Pause Young (Normal) (G1 Preventive Collection) 995M->995M(1024M) 1.324ms
[8.058s][info][gc] GC(535) To-space exhausted
[8.058s][info][gc] GC(535) Pause Young (Normal) (G1 Preventive Collection) 996M->998M(1024M) 1.359ms
[8.059s][info][gc] GC(536) To-space exhausted
[8.059s][info][gc] GC(536) Pause Young (Normal) (G1 Evacuation Pause) 999M->999M(1024M) 1.135ms
[8.106s][info][gc] GC(537) Pause Full (G1 Compaction Pause) 999M->348M(1024M) 46.444ms
[8.106s][info][gc] GC(528) Concurrent Mark Cycle 67.441ms
[8.136s][info][gc] GC(538) Pause Young (Normal) (G1 Evacuation Pause) 529M->529M(1024M) 21.359ms
[8.144s][info][gc] GC(539) Pause Young (Concurrent Start) (G1 Evacuation Pause) 648M->509M(1024M) 1.539ms
[8.144s][info][gc] GC(540) Concurrent Mark Cycle
[8.153s][info][gc] GC(540) Pause Remark 631M->128M(512M) 1.366ms
[8.168s][info][gc] GC(541) Pause Young (Normal) (G1 Evacuation Pause) 139M->139M(512M) 14.092ms
[8.169s][info][gc] GC(540) Pause Cleanup 140M->140M(512M) 0.133ms
[8.170s][info][gc] GC(540) Concurrent Mark Cycle 25.286ms
[8.189s][info][gc] GC(542) Pause Young (Normal) (G1 Evacuation Pause) 243M->243M(512M) 14.283ms
[8.202s][info][gc] GC(543) Pause Young (Normal) (G1 Evacuation Pause) 311M->311M(512M) 10.274ms
[8.213s][info][gc] GC(544) Pause Young (Concurrent Start) (G1 Evacuation Pause) 355M->355M(717M) 7.648ms
[8.213s][info][gc] GC(545) Concurrent Mark Cycle
[8.230s][info][gc] GC(546) Pause Young (Normal) (G1 Evacuation Pause) 445M->445M(717M) 11.575ms
[8.234s][info][gc] GC(545) Pause Remark 501M->501M(839M) 1.023ms
[8.244s][info][gc] GC(547) Pause Young (Normal) (G1 Evacuation Pause) 506M->506M(839M) 8.686ms
[8.248s][info][gc] GC(545) Pause Cleanup 558M->558M(839M) 0.219ms
[8.250s][info][gc] GC(545) Concurrent Mark Cycle 36.966ms
[8.261s][info][gc] GC(548) Pause Young (Normal) (G1 Evacuation Pause) 583M->583M(839M) 10.647ms
[8.277s][info][gc] GC(549) Pause Young (Concurrent Start) (G1 Evacuation Pause) 636M->636M(839M) 7.749ms
[8.277s][info][gc] GC(550) Concurrent Mark Cycle
[8.280s][info][gc] GC(551) Pause Young (Normal) (G1 Evacuation Pause) 672M->631M(913M) 1.090ms
[8.293s][info][gc] GC(552) Pause Young (Normal) (G1 Evacuation Pause) 692M->692M(913M) 9.010ms
[8.307s][info][gc] GC(553) Pause Young (Normal) (G1 Evacuation Pause) 732M->732M(913M) 9.874ms
[8.324s][info][gc] GC(554) Pause Young (Normal) (G1 Evacuation Pause) 770M->770M(913M) 9.454ms
[8.335s][info][gc] GC(550) Pause Remark 784M->784M(1024M) 7.264ms
[8.357s][info][gc] GC(555) Pause Young (Normal) (G1 Evacuation Pause) 809M->809M(1024M) 13.304ms
[8.375s][info][gc] GC(556) Pause Young (Normal) (G1 Evacuation Pause) 854M->854M(1024M) 13.084ms
[8.376s][info][gc] GC(550) Pause Cleanup 855M->855M(1024M) 0.340ms
[8.380s][info][gc] GC(550) Concurrent Mark Cycle 103.226ms
[8.391s][info][gc] GC(557) Pause Young (Normal) (G1 Evacuation Pause) 898M->898M(1024M) 9.956ms
[8.404s][info][gc] GC(558) Pause Young (Concurrent Start) (G1 Evacuation Pause) 942M->942M(1024M) 8.757ms
[8.404s][info][gc] GC(559) Concurrent Mark Cycle
[8.415s][info][gc] GC(560) Pause Young (Normal) (G1 Preventive Collection) 976M->976M(1024M) 7.867ms
[8.422s][info][gc] GC(561) Pause Young (Normal) (G1 Preventive Collection) 994M->994M(1024M) 4.794ms
[8.426s][info][gc] GC(562) Pause Young (Normal) (G1 Preventive Collection) 1003M->1003M(1024M) 3.186ms
[8.429s][info][gc] GC(563) Pause Young (Normal) (G1 Preventive Collection) 1007M->1007M(1024M) 2.516ms
[8.431s][info][gc] GC(564) Pause Young (Normal) (G1 Preventive Collection) 1011M->1011M(1024M) 1.806ms
[8.434s][info][gc] GC(565) Pause Young (Normal) (G1 Preventive Collection) 1013M->1013M(1024M) 1.875ms
[8.435s][info][gc] GC(566) Pause Young (Normal) (G1 Preventive Collection) 1015M->1015M(1024M) 1.183ms
[8.437s][info][gc] GC(567) Pause Young (Normal) (G1 Preventive Collection) 1016M->1016M(1024M) 1.201ms
[8.438s][info][gc] GC(568) Pause Young (Normal) (G1 Preventive Collection) 1017M->1017M(1024M) 0.987ms
[8.439s][info][gc] GC(569) To-space exhausted
[8.439s][info][gc] GC(569) Pause Young (Normal) (G1 Preventive Collection) 1018M->1020M(1024M) 1.185ms
[8.440s][info][gc] GC(570) To-space exhausted
[8.440s][info][gc] GC(570) Pause Young (Normal) (G1 Preventive Collection) 1021M->1022M(1024M) 1.054ms
[8.500s][info][gc] GC(571) Pause Full (G1 Compaction Pause) 1022M->367M(1024M) 59.004ms
[8.500s][info][gc] GC(559) Concurrent Mark Cycle 95.816ms
[8.534s][info][gc] GC(572) Pause Young (Normal) (G1 Evacuation Pause) 538M->538M(1024M) 22.133ms
[8.545s][info][gc] GC(573) Pause Young (Concurrent Start) (G1 Evacuation Pause) 652M->525M(1024M) 2.469ms
[8.545s][info][gc] GC(574) Concurrent Mark Cycle
[8.554s][info][gc] GC(574) Pause Remark 623M->109M(512M) 1.258ms
[8.555s][info][gc] GC(574) Pause Cleanup 122M->122M(512M) 0.183ms
[8.556s][info][gc] GC(574) Concurrent Mark Cycle 11.132ms
[8.574s][info][gc] GC(575) Pause Young (Normal) (G1 Evacuation Pause) 138M->138M(512M) 17.045ms
[8.598s][info][gc] GC(576) Pause Young (Normal) (G1 Evacuation Pause) 243M->243M(512M) 16.621ms
[8.614s][info][gc] GC(577) Pause Young (Normal) (G1 Evacuation Pause) 311M->311M(512M) 11.636ms
[8.627s][info][gc] GC(578) Pause Young (Concurrent Start) (G1 Evacuation Pause) 357M->357M(717M) 9.330ms
[8.627s][info][gc] GC(579) Concurrent Mark Cycle
[8.648s][info][gc] GC(580) Pause Young (Normal) (G1 Evacuation Pause) 447M->447M(717M) 13.464ms
[8.652s][info][gc] GC(579) Pause Remark 487M->487M(815M) 0.897ms
[8.664s][info][gc] GC(581) Pause Young (Normal) (G1 Evacuation Pause) 508M->508M(815M) 10.176ms
[8.674s][info][gc] GC(579) Pause Cleanup 546M->546M(815M) 0.214ms
[8.676s][info][gc] GC(579) Concurrent Mark Cycle 48.756ms
[8.688s][info][gc] GC(582) Pause Young (Normal) (G1 Evacuation Pause) 577M->577M(815M) 10.851ms
[8.702s][info][gc] GC(583) Pause Young (Concurrent Start) (G1 Evacuation Pause) 625M->625M(815M) 8.071ms
[8.702s][info][gc] GC(584) Concurrent Mark Cycle
[8.711s][info][gc] GC(585) Pause Young (Normal) (G1 Evacuation Pause) 658M->658M(899M) 6.583ms
[8.720s][info][gc] GC(586) Pause Young (Normal) (G1 Evacuation Pause) 704M->687M(899M) 5.219ms
[8.731s][info][gc] GC(587) Pause Young (Normal) (G1 Evacuation Pause) 725M->725M(899M) 8.372ms
[8.745s][info][gc] GC(588) Pause Young (Normal) (G1 Evacuation Pause) 762M->762M(899M) 10.538ms
[8.747s][info][gc] GC(584) Pause Remark 778M->778M(1024M) 1.618ms
[8.761s][info][gc] GC(589) Pause Young (Normal) (G1 Evacuation Pause) 800M->800M(1024M) 11.983ms
[8.776s][info][gc] GC(590) Pause Young (Normal) (G1 Evacuation Pause) 845M->845M(1024M) 11.389ms
[8.779s][info][gc] GC(584) Pause Cleanup 864M->864M(1024M) 0.399ms
[8.793s][info][gc] GC(591) Pause Young (Normal) (G1 Evacuation Pause) 889M->889M(1024M) 11.912ms
[8.795s][info][gc] GC(584) Concurrent Mark Cycle 92.618ms
[8.811s][info][gc] GC(592) Pause Young (Normal) (G1 Evacuation Pause) 933M->933M(1024M) 14.374ms
[8.821s][info][gc] GC(593) Pause Young (Concurrent Start) (G1 Preventive Collection) 972M->972M(1024M) 6.743ms
[8.821s][info][gc] GC(594) Concurrent Mark Cycle
[8.827s][info][gc] GC(595) Pause Young (Normal) (G1 Preventive Collection) 992M->992M(1024M) 4.062ms
[8.831s][info][gc] GC(596) Pause Young (Normal) (G1 Preventive Collection) 1003M->1003M(1024M) 2.926ms
[8.834s][info][gc] GC(597) Pause Young (Normal) (G1 Preventive Collection) 1008M->1008M(1024M) 1.863ms
[8.836s][info][gc] GC(598) Pause Young (Normal) (G1 Preventive Collection) 1012M->1012M(1024M) 1.450ms
[8.838s][info][gc] GC(599) Pause Young (Normal) (G1 Preventive Collection) 1014M->1014M(1024M) 1.156ms
[8.839s][info][gc] GC(600) Pause Young (Normal) (G1 Preventive Collection) 1016M->1016M(1024M) 0.799ms
[8.840s][info][gc] GC(601) Pause Young (Normal) (G1 Preventive Collection) 1017M->1017M(1024M) 0.738ms
[8.841s][info][gc] GC(602) Pause Young (Normal) (G1 Preventive Collection) 1018M->1018M(1024M) 0.635ms
[8.841s][info][gc] GC(603) To-space exhausted
[8.841s][info][gc] GC(603) Pause Young (Normal) (G1 Preventive Collection) 1018M->1021M(1024M) 0.736ms
[8.842s][info][gc] GC(604) To-space exhausted
[8.842s][info][gc] GC(604) Pause Young (Normal) (G1 Evacuation Pause) 1022M->1022M(1024M) 0.615ms
[8.898s][info][gc] GC(605) Pause Full (G1 Compaction Pause) 1022M->346M(1024M) 55.387ms
[8.898s][info][gc] GC(594) Concurrent Mark Cycle 76.531ms
[8.932s][info][gc] GC(606) Pause Young (Normal) (G1 Evacuation Pause) 526M->525M(1024M) 24.273ms
[8.942s][info][gc] GC(607) Pause Young (Concurrent Start) (G1 Evacuation Pause) 645M->503M(1024M) 1.299ms
[8.942s][info][gc] GC(608) Concurrent Mark Cycle
[8.954s][info][gc] GC(608) Pause Remark 627M->127M(512M) 1.368ms
[8.971s][info][gc] GC(609) Pause Young (Normal) (G1 Evacuation Pause) 139M->139M(512M) 16.181ms
[8.971s][info][gc] GC(608) Pause Cleanup 140M->140M(512M) 0.121ms
[8.972s][info][gc] GC(608) Concurrent Mark Cycle 29.971ms
[8.995s][info][gc] GC(610) Pause Young (Normal) (G1 Evacuation Pause) 244M->244M(512M) 15.940ms
[9.011s][info][gc] GC(611) Pause Young (Normal) (G1 Evacuation Pause) 312M->312M(512M) 11.968ms
[9.023s][info][gc] GC(612) Pause Young (Concurrent Start) (G1 Evacuation Pause) 357M->357M(717M) 8.553ms
[9.023s][info][gc] GC(613) Concurrent Mark Cycle
[9.041s][info][gc] GC(614) Pause Young (Normal) (G1 Evacuation Pause) 447M->447M(717M) 11.643ms
[9.045s][info][gc] GC(613) Pause Remark 478M->478M(800M) 1.205ms
[9.058s][info][gc] GC(615) Pause Young (Normal) (G1 Evacuation Pause) 508M->508M(800M) 10.261ms
[9.070s][info][gc] GC(613) Pause Cleanup 531M->531M(800M) 0.203ms
[9.072s][info][gc] GC(613) Concurrent Mark Cycle 48.760ms
[9.085s][info][gc] GC(616) Pause Young (Normal) (G1 Evacuation Pause) 573M->573M(800M) 10.587ms
[9.099s][info][gc] GC(617) Pause Young (Concurrent Start) (G1 Evacuation Pause) 618M->618M(800M) 7.851ms
[9.099s][info][gc] GC(618) Concurrent Mark Cycle
[9.107s][info][gc] GC(619) Pause Young (Normal) (G1 Evacuation Pause) 651M->651M(890M) 5.353ms
[9.115s][info][gc] GC(620) Pause Young (Normal) (G1 Evacuation Pause) 697M->673M(890M) 4.510ms
[9.127s][info][gc] GC(621) Pause Young (Normal) (G1 Evacuation Pause) 713M->713M(890M) 8.943ms
[9.138s][info][gc] GC(622) Pause Young (Normal) (G1 Evacuation Pause) 751M->751M(890M) 8.347ms
[9.141s][info][gc] GC(618) Pause Remark 778M->778M(1024M) 1.780ms
[9.162s][info][gc] GC(623) Pause Young (Normal) (G1 Evacuation Pause) 789M->789M(1024M) 20.433ms
[9.188s][info][gc] GC(624) Pause Young (Normal) (G1 Evacuation Pause) 834M->834M(1024M) 19.284ms
[9.190s][info][gc] GC(618) Pause Cleanup 863M->863M(1024M) 0.292ms
[9.203s][info][gc] GC(625) Pause Young (Normal) (G1 Evacuation Pause) 878M->878M(1024M) 11.170ms
[9.205s][info][gc] GC(618) Concurrent Mark Cycle 105.565ms
[9.215s][info][gc] GC(626) Pause Young (Normal) (G1 Evacuation Pause) 922M->922M(1024M) 9.114ms
[9.226s][info][gc] GC(627) Pause Young (Concurrent Start) (G1 Preventive Collection) 966M->966M(1024M) 7.310ms
[9.226s][info][gc] GC(628) Concurrent Mark Cycle
[9.234s][info][gc] GC(629) Pause Young (Normal) (G1 Preventive Collection) 988M->989M(1024M) 3.817ms
[9.237s][info][gc] GC(630) Pause Young (Normal) (G1 Preventive Collection) 1000M->1000M(1024M) 2.719ms
[9.240s][info][gc] GC(631) Pause Young (Normal) (G1 Preventive Collection) 1006M->1006M(1024M) 1.896ms
[9.242s][info][gc] GC(632) Pause Young (Normal) (G1 Preventive Collection) 1010M->1010M(1024M) 2.127ms
[9.245s][info][gc] GC(633) Pause Young (Normal) (G1 Preventive Collection) 1013M->1013M(1024M) 1.513ms
[9.246s][info][gc] GC(634) Pause Young (Normal) (G1 Preventive Collection) 1015M->1015M(1024M) 1.213ms
[9.248s][info][gc] GC(635) Pause Young (Normal) (G1 Preventive Collection) 1016M->1016M(1024M) 1.199ms
[9.249s][info][gc] GC(636) Pause Young (Normal) (G1 Preventive Collection) 1017M->1017M(1024M) 0.939ms
[9.250s][info][gc] GC(637) To-space exhausted
[9.250s][info][gc] GC(637) Pause Young (Normal) (G1 Preventive Collection) 1018M->1020M(1024M) 0.959ms
[9.251s][info][gc] GC(638) To-space exhausted
[9.251s][info][gc] GC(638) Pause Young (Normal) (G1 Preventive Collection) 1021M->1022M(1024M) 0.616ms
[9.298s][info][gc] GC(639) Pause Full (G1 Compaction Pause) 1022M->351M(1024M) 46.793ms
[9.298s][info][gc] GC(628) Concurrent Mark Cycle 71.970ms
[9.328s][info][gc] GC(640) Pause Young (Normal) (G1 Evacuation Pause) 528M->528M(1024M) 20.926ms
[9.337s][info][gc] GC(641) Pause Young (Concurrent Start) (G1 Evacuation Pause) 646M->506M(1024M) 1.447ms
[9.337s][info][gc] GC(642) Concurrent Mark Cycle
[9.345s][info][gc] GC(642) Pause Remark 606M->104M(512M) 1.569ms
[9.346s][info][gc] GC(642) Pause Cleanup 117M->117M(512M) 0.108ms
[9.347s][info][gc] GC(642) Concurrent Mark Cycle 9.798ms
[9.363s][info][gc] GC(643) Pause Young (Normal) (G1 Evacuation Pause) 139M->139M(512M) 15.060ms
[9.384s][info][gc] GC(644) Pause Young (Normal) (G1 Evacuation Pause) 244M->244M(512M) 15.025ms
[9.400s][info][gc] GC(645) Pause Young (Normal) (G1 Evacuation Pause) 312M->312M(512M) 11.388ms
[9.411s][info][gc] GC(646) Pause Young (Concurrent Start) (G1 Evacuation Pause) 357M->357M(717M) 7.870ms
[9.411s][info][gc] GC(647) Concurrent Mark Cycle
[9.431s][info][gc] GC(648) Pause Young (Normal) (G1 Evacuation Pause) 447M->447M(717M) 12.582ms
[9.434s][info][gc] GC(647) Pause Remark 474M->474M(795M) 1.028ms
[9.445s][info][gc] GC(649) Pause Young (Normal) (G1 Evacuation Pause) 508M->508M(795M) 8.968ms
[9.454s][info][gc] GC(647) Pause Cleanup 533M->533M(795M) 0.244ms
[9.455s][info][gc] GC(647) Concurrent Mark Cycle 44.369ms
[9.466s][info][gc] GC(650) Pause Young (Normal) (G1 Evacuation Pause) 571M->571M(795M) 9.386ms
[9.479s][info][gc] GC(651) Pause Young (Concurrent Start) (G1 Evacuation Pause) 614M->614M(795M) 6.948ms
[9.479s][info][gc] GC(652) Concurrent Mark Cycle
[9.487s][info][gc] GC(653) Pause Young (Normal) (G1 Evacuation Pause) 646M->646M(887M) 5.184ms
[9.493s][info][gc] GC(654) Pause Young (Normal) (G1 Evacuation Pause) 692M->665M(887M) 3.787ms
[9.502s][info][gc] GC(655) Pause Young (Normal) (G1 Evacuation Pause) 706M->706M(887M) 6.824ms
[9.513s][info][gc] GC(656) Pause Young (Normal) (G1 Evacuation Pause) 743M->743M(887M) 8.783ms
[9.516s][info][gc] GC(652) Pause Remark 766M->766M(1024M) 1.476ms
[9.526s][info][gc] GC(657) Pause Young (Normal) (G1 Evacuation Pause) 781M->781M(1024M) 8.761ms
[9.537s][info][gc] GC(658) Pause Young (Normal) (G1 Evacuation Pause) 826M->826M(1024M) 8.620ms
[9.539s][info][gc] GC(652) Pause Cleanup 848M->848M(1024M) 0.260ms
[9.550s][info][gc] GC(659) Pause Young (Normal) (G1 Evacuation Pause) 870M->870M(1024M) 9.434ms
[9.552s][info][gc] GC(652) Concurrent Mark Cycle 72.884ms
[9.562s][info][gc] GC(660) Pause Young (Normal) (G1 Evacuation Pause) 914M->914M(1024M) 9.420ms
[9.573s][info][gc] GC(661) Pause Young (Concurrent Start) (G1 Evacuation Pause) 958M->958M(1024M) 8.279ms
[9.573s][info][gc] GC(662) Concurrent Mark Cycle
[9.580s][info][gc] GC(663) Pause Young (Normal) (G1 Preventive Collection) 985M->985M(1024M) 5.143ms
[9.584s][info][gc] GC(664) Pause Young (Normal) (G1 Preventive Collection) 999M->999M(1024M) 3.261ms
[9.587s][info][gc] GC(665) Pause Young (Normal) (G1 Preventive Collection) 1006M->1006M(1024M) 2.220ms
[9.589s][info][gc] GC(666) Pause Young (Normal) (G1 Preventive Collection) 1010M->1010M(1024M) 1.855ms
[9.591s][info][gc] GC(667) Pause Young (Normal) (G1 Preventive Collection) 1013M->1013M(1024M) 1.406ms
[9.592s][info][gc] GC(668) Pause Young (Normal) (G1 Preventive Collection) 1015M->1015M(1024M) 1.091ms
[9.593s][info][gc] GC(669) Pause Young (Normal) (G1 Preventive Collection) 1016M->1016M(1024M) 1.056ms
[9.595s][info][gc] GC(670) Pause Young (Normal) (G1 Preventive Collection) 1016M->1016M(1024M) 0.898ms
[9.596s][info][gc] GC(671) To-space exhausted
[9.596s][info][gc] GC(671) Pause Young (Normal) (G1 Preventive Collection) 1017M->1018M(1024M) 0.960ms
[9.597s][info][gc] GC(672) Pause Young (Normal) (G1 Preventive Collection) 1019M->1019M(1024M) 0.938ms
[9.598s][info][gc] GC(673) To-space exhausted
[9.598s][info][gc] GC(673) Pause Young (Normal) (G1 Preventive Collection) 1020M->1022M(1024M) 0.740ms
[9.646s][info][gc] GC(674) Pause Full (G1 Compaction Pause) 1022M->355M(1024M) 48.075ms
[9.646s][info][gc] GC(662) Concurrent Mark Cycle 72.991ms
[9.675s][info][gc] GC(675) Pause Young (Normal) (G1 Evacuation Pause) 531M->531M(1024M) 20.068ms
[9.683s][info][gc] GC(676) Pause Young (Concurrent Start) (G1 Evacuation Pause) 648M->513M(1024M) 1.448ms
[9.684s][info][gc] GC(677) Concurrent Mark Cycle
[9.691s][info][gc] GC(677) Pause Remark 615M->108M(512M) 1.114ms
[9.692s][info][gc] GC(677) Pause Cleanup 122M->122M(512M) 0.146ms
[9.693s][info][gc] GC(677) Concurrent Mark Cycle 9.185ms
[9.707s][info][gc] GC(678) Pause Young (Normal) (G1 Evacuation Pause) 139M->139M(512M) 14.017ms
[9.731s][info][gc] GC(679) Pause Young (Normal) (G1 Evacuation Pause) 243M->243M(512M) 16.592ms
[9.747s][info][gc] GC(680) Pause Young (Normal) (G1 Evacuation Pause) 311M->311M(512M) 11.979ms
[9.759s][info][gc] GC(681) Pause Young (Concurrent Start) (G1 Evacuation Pause) 356M->356M(717M) 8.994ms
[9.759s][info][gc] GC(682) Concurrent Mark Cycle
[9.779s][info][gc] GC(683) Pause Young (Normal) (G1 Evacuation Pause) 446M->446M(717M) 13.223ms
[9.783s][info][gc] GC(682) Pause Remark 476M->476M(797M) 1.250ms
[9.796s][info][gc] GC(684) Pause Young (Normal) (G1 Evacuation Pause) 507M->507M(797M) 10.607ms
[9.809s][info][gc] GC(682) Pause Cleanup 534M->534M(797M) 0.230ms
[9.811s][info][gc] GC(682) Concurrent Mark Cycle 52.243ms
[9.836s][info][gc] GC(685) Pause Young (Normal) (G1 Evacuation Pause) 572M->572M(797M) 22.000ms
[9.865s][info][gc] GC(686) Pause Young (Concurrent Start) (G1 Evacuation Pause) 616M->616M(797M) 9.924ms
[9.865s][info][gc] GC(687) Concurrent Mark Cycle
[9.876s][info][gc] GC(688) Pause Young (Normal) (G1 Evacuation Pause) 648M->648M(888M) 7.688ms
[9.889s][info][gc] GC(689) Pause Young (Normal) (G1 Evacuation Pause) 694M->668M(888M) 5.363ms
[9.905s][info][gc] GC(690) Pause Young (Normal) (G1 Evacuation Pause) 709M->709M(888M) 10.953ms
[9.920s][info][gc] GC(691) Pause Young (Normal) (G1 Evacuation Pause) 747M->747M(888M) 11.959ms
[9.922s][info][gc] GC(687) Pause Remark 763M->763M(1024M) 1.561ms
[9.927s][info][gc] GC(687) Pause Cleanup 774M->774M(1024M) 0.704ms
[9.939s][info][gc] GC(692) Pause Young (Normal) (G1 Evacuation Pause) 785M->785M(1024M) 8.564ms
[9.940s][info][gc] GC(687) Concurrent Mark Cycle 75.129ms
[9.954s][info][gc] GC(693) Pause Young (Normal) (G1 Evacuation Pause) 830M->830M(1024M) 11.188ms
[9.970s][info][gc] GC(694) Pause Young (Concurrent Start) (G1 Evacuation Pause) 874M->874M(1024M) 12.919ms
[9.970s][info][gc] GC(695) Concurrent Mark Cycle
[9.985s][info][gc] GC(696) Pause Young (Normal) (G1 Evacuation Pause) 917M->917M(1024M) 11.950ms
[9.997s][info][gc] GC(697) Pause Young (Normal) (G1 Evacuation Pause) 961M->961M(1024M) 8.140ms
[10.004s][info][gc] GC(698) Pause Young (Normal) (G1 Preventive Collection) 987M->987M(1024M) 4.965ms
[10.011s][info][gc] GC(699) Pause Young (Normal) (G1 Preventive Collection) 1000M->1000M(1024M) 5.272ms
[10.016s][info][gc] GC(700) Pause Young (Normal) (G1 Preventive Collection) 1007M->1007M(1024M) 3.658ms
[10.018s][info][gc] GC(695) Pause Remark 1009M->369M(1024M) 1.365ms
[10.030s][info][gc] GC(701) Pause Young (Normal) (G1 Evacuation Pause) 411M->411M(1024M) 7.764ms
[10.031s][info][gc] GC(695) Pause Cleanup 421M->421M(1024M) 0.257ms
[10.036s][info][gc] GC(695) Concurrent Mark Cycle 66.229ms
[10.069s][info][gc] GC(702) Pause Young (Normal) (G1 Evacuation Pause) 577M->577M(1024M) 23.962ms
[10.080s][info][gc] GC(703) Pause Young (Concurrent Start) (G1 Evacuation Pause) 687M->572M(1024M) 4.636ms
[10.080s][info][gc] GC(704) Concurrent Mark Cycle
[10.089s][info][gc] GC(704) Pause Remark 676M->124M(512M) 1.316ms
[10.108s][info][gc] GC(705) Pause Young (Normal) (G1 Evacuation Pause) 139M->139M(512M) 18.122ms
[10.109s][info][gc] GC(704) Pause Cleanup 140M->140M(512M) 0.348ms
[10.111s][info][gc] GC(704) Concurrent Mark Cycle 31.067ms
[10.137s][info][gc] GC(706) Pause Young (Normal) (G1 Evacuation Pause) 244M->244M(512M) 17.702ms
[10.154s][info][gc] GC(707) Pause Young (Normal) (G1 Evacuation Pause) 312M->312M(512M) 12.489ms
[10.167s][info][gc] GC(708) Pause Young (Concurrent Start) (G1 Evacuation Pause) 358M->358M(717M) 10.109ms
[10.167s][info][gc] GC(709) Concurrent Mark Cycle
[10.188s][info][gc] GC(710) Pause Young (Normal) (G1 Evacuation Pause) 448M->448M(717M) 15.281ms
[10.201s][info][gc] GC(709) Pause Remark 476M->476M(797M) 0.968ms
[10.220s][info][gc] GC(711) Pause Young (Normal) (G1 Evacuation Pause) 509M->509M(797M) 13.725ms
[10.229s][info][gc] GC(709) Pause Cleanup 525M->525M(797M) 0.266ms
[10.231s][info][gc] GC(709) Concurrent Mark Cycle 64.397ms
[10.251s][info][gc] GC(712) Pause Young (Normal) (G1 Evacuation Pause) 573M->573M(797M) 15.723ms
[10.271s][info][gc] GC(713) Pause Young (Concurrent Start) (G1 Evacuation Pause) 617M->617M(797M) 13.391ms
[10.271s][info][gc] GC(714) Concurrent Mark Cycle
[10.285s][info][gc] GC(715) Pause Young (Normal) (G1 Evacuation Pause) 649M->649M(797M) 8.745ms
[10.294s][info][gc] GC(716) Pause Young (Normal) (G1 Evacuation Pause) 683M->657M(888M) 4.016ms
[10.309s][info][gc] GC(717) Pause Young (Normal) (G1 Evacuation Pause) 702M->702M(888M) 9.427ms
[10.325s][info][gc] GC(718) Pause Young (Normal) (G1 Evacuation Pause) 739M->739M(888M) 12.156ms
[10.329s][info][gc] GC(714) Pause Remark 749M->749M(1024M) 1.653ms
[10.334s][info][gc] GC(714) Pause Cleanup 768M->768M(1024M) 0.213ms
[10.337s][info][gc] GC(714) Concurrent Mark Cycle 65.622ms
[10.350s][info][gc] GC(719) Pause Young (Normal) (G1 Evacuation Pause) 777M->777M(1024M) 11.175ms
[10.370s][info][gc] GC(720) Pause Young (Concurrent Start) (G1 Evacuation Pause) 821M->821M(1024M) 14.014ms
[10.370s][info][gc] GC(721) Concurrent Mark Cycle
[10.384s][info][gc] GC(722) Pause Young (Normal) (G1 Evacuation Pause) 865M->865M(1024M) 10.766ms
[10.396s][info][gc] GC(723) Pause Young (Normal) (G1 Evacuation Pause) 909M->909M(1024M) 8.727ms
[10.400s][info][gc] GC(721) Pause Remark 946M->305M(1024M) 1.083ms
[10.407s][info][gc] GC(724) Pause Young (Normal) (G1 Evacuation Pause) 312M->312M(1024M) 6.348ms
[10.412s][info][gc] GC(721) Pause Cleanup 353M->353M(1024M) 0.335ms
[10.417s][info][gc] GC(721) Concurrent Mark Cycle 47.435ms
[10.488s][info][gc] GC(725) Pause Young (Normal) (G1 Evacuation Pause) 510M->510M(1024M) 31.613ms
[10.524s][info][gc] GC(726) Pause Young (Concurrent Start) (G1 Evacuation Pause) 642M->642M(1024M) 23.289ms
[10.525s][info][gc] GC(727) Concurrent Mark Cycle
[10.543s][info][gc] GC(728) Pause Young (Normal) (G1 Evacuation Pause) 730M->683M(1024M) 8.545ms
[10.549s][info][gc] GC(727) Pause Remark 736M->736M(1024M) 0.940ms
[10.564s][info][gc] GC(729) Pause Young (Normal) (G1 Evacuation Pause) 759M->759M(1024M) 12.978ms
[10.578s][info][gc] GC(730) Pause Young (Normal) (G1 Evacuation Pause) 809M->809M(1024M) 9.007ms
[10.579s][info][gc] GC(727) Pause Cleanup 810M->810M(1024M) 0.274ms
[10.581s][info][gc] GC(727) Concurrent Mark Cycle 56.839ms
[10.591s][info][gc] GC(731) Pause Young (Normal) (G1 Evacuation Pause) 852M->852M(1024M) 7.304ms
[10.603s][info][gc] GC(732) Pause Young (Concurrent Start) (G1 Evacuation Pause) 896M->896M(1024M) 8.311ms
[10.603s][info][gc] GC(733) Concurrent Mark Cycle
[10.615s][info][gc] GC(734) Pause Young (Normal) (G1 Evacuation Pause) 939M->939M(1024M) 7.943ms
[10.627s][info][gc] GC(735) Pause Young (Normal) (G1 Preventive Collection) 975M->975M(1024M) 8.390ms
[10.633s][info][gc] GC(736) Pause Young (Normal) (G1 Preventive Collection) 993M->993M(1024M) 4.398ms
[10.638s][info][gc] GC(737) Pause Young (Normal) (G1 Preventive Collection) 1003M->1003M(1024M) 3.532ms
[10.641s][info][gc] GC(738) Pause Young (Normal) (G1 Preventive Collection) 1008M->1008M(1024M) 2.807ms
[10.644s][info][gc] GC(739) Pause Young (Normal) (G1 Preventive Collection) 1012M->1012M(1024M) 2.458ms
[10.646s][info][gc] GC(740) Pause Young (Normal) (G1 Preventive Collection) 1014M->1014M(1024M) 1.679ms
[10.648s][info][gc] GC(741) Pause Young (Normal) (G1 Preventive Collection) 1016M->1016M(1024M) 1.237ms
[10.649s][info][gc] GC(742) Pause Young (Normal) (G1 Preventive Collection) 1017M->1017M(1024M) 1.127ms
[10.651s][info][gc] GC(743) Pause Young (Normal) (G1 Preventive Collection) 1018M->1018M(1024M) 1.277ms
[10.653s][info][gc] GC(744) To-space exhausted
[10.653s][info][gc] GC(744) Pause Young (Normal) (G1 Preventive Collection) 1019M->1019M(1024M) 1.538ms
[10.654s][info][gc] GC(745) To-space exhausted
[10.654s][info][gc] GC(745) Pause Young (Normal) (G1 Preventive Collection) 1020M->1020M(1024M) 1.041ms
[10.656s][info][gc] GC(746) To-space exhausted
[10.656s][info][gc] GC(746) Pause Young (Normal) (G1 Preventive Collection) 1021M->1022M(1024M) 1.054ms
[10.711s][info][gc] GC(747) Pause Full (G1 Compaction Pause) 1022M->375M(1024M) 55.699ms
[10.712s][info][gc] GC(733) Concurrent Mark Cycle 108.842ms
[10.750s][info][gc] GC(748) Pause Young (Normal) (G1 Evacuation Pause) 545M->544M(1024M) 26.281ms
[10.759s][info][gc] GC(749) Pause Young (Concurrent Start) (G1 Evacuation Pause) 656M->536M(1024M) 2.798ms
[10.759s][info][gc] GC(750) Concurrent Mark Cycle
[10.767s][info][gc] GC(750) Pause Remark 647M->127M(512M) 1.414ms
[10.782s][info][gc] GC(751) Pause Young (Normal) (G1 Evacuation Pause) 139M->139M(512M) 14.494ms
[10.783s][info][gc] GC(750) Pause Cleanup 141M->141M(512M) 0.166ms
[10.784s][info][gc] GC(750) Concurrent Mark Cycle 24.741ms
[10.805s][info][gc] GC(752) Pause Young (Normal) (G1 Evacuation Pause) 244M->244M(512M) 15.539ms
[10.821s][info][gc] GC(753) Pause Young (Normal) (G1 Evacuation Pause) 312M->312M(512M) 11.804ms
[10.833s][info][gc] GC(754) Pause Young (Concurrent Start) (G1 Evacuation Pause) 357M->357M(717M) 8.396ms
[10.833s][info][gc] GC(755) Concurrent Mark Cycle
[10.854s][info][gc] GC(756) Pause Young (Normal) (G1 Evacuation Pause) 447M->447M(717M) 14.012ms
[10.857s][info][gc] GC(755) Pause Remark 479M->479M(802M) 1.114ms
[10.870s][info][gc] GC(757) Pause Young (Normal) (G1 Evacuation Pause) 508M->508M(802M) 10.097ms
[10.879s][info][gc] GC(755) Pause Cleanup 531M->531M(802M) 0.224ms
[10.881s][info][gc] GC(755) Concurrent Mark Cycle 47.559ms
[10.894s][info][gc] GC(758) Pause Young (Normal) (G1 Evacuation Pause) 574M->574M(802M) 10.383ms
[10.907s][info][gc] GC(759) Pause Young (Concurrent Start) (G1 Evacuation Pause) 619M->619M(802M) 6.934ms
[10.907s][info][gc] GC(760) Concurrent Mark Cycle
[10.916s][info][gc] GC(761) Pause Young (Normal) (G1 Evacuation Pause) 652M->652M(891M) 5.640ms
[10.925s][info][gc] GC(762) Pause Young (Normal) (G1 Evacuation Pause) 697M->675M(891M) 5.514ms
[10.938s][info][gc] GC(763) Pause Young (Normal) (G1 Evacuation Pause) 715M->715M(891M) 10.130ms
[10.950s][info][gc] GC(764) Pause Young (Normal) (G1 Evacuation Pause) 753M->753M(891M) 8.853ms
[10.952s][info][gc] GC(760) Pause Remark 760M->760M(1024M) 1.500ms
[10.964s][info][gc] GC(765) Pause Young (Normal) (G1 Evacuation Pause) 791M->791M(1024M) 9.505ms
[10.978s][info][gc] GC(766) Pause Young (Normal) (G1 Evacuation Pause) 836M->836M(1024M) 11.242ms
[10.979s][info][gc] GC(760) Pause Cleanup 837M->837M(1024M) 0.239ms
[10.982s][info][gc] GC(760) Concurrent Mark Cycle 75.533ms
[10.994s][info][gc] GC(767) Pause Young (Normal) (G1 Evacuation Pause) 880M->880M(1024M) 11.625ms
[11.006s][info][gc] GC(768) Pause Young (Concurrent Start) (G1 Evacuation Pause) 924M->924M(1024M) 9.109ms
[11.006s][info][gc] GC(769) Concurrent Mark Cycle
[11.017s][info][gc] GC(770) Pause Young (Normal) (G1 Preventive Collection) 966M->966M(1024M) 7.324ms
[11.024s][info][gc] GC(771) Pause Young (Normal) (G1 Preventive Collection) 989M->989M(1024M) 4.661ms
[11.028s][info][gc] GC(772) Pause Young (Normal) (G1 Preventive Collection) 1001M->1001M(1024M) 2.872ms
[11.031s][info][gc] GC(773) Pause Young (Normal) (G1 Preventive Collection) 1007M->1007M(1024M) 2.247ms
[11.033s][info][gc] GC(774) Pause Young (Normal) (G1 Preventive Collection) 1011M->1011M(1024M) 1.693ms
[11.035s][info][gc] GC(775) Pause Young (Normal) (G1 Preventive Collection) 1014M->1014M(1024M) 1.441ms
[11.036s][info][gc] GC(776) Pause Young (Normal) (G1 Preventive Collection) 1016M->1016M(1024M) 1.038ms
[11.037s][info][gc] GC(777) To-space exhausted
[11.037s][info][gc] GC(777) Pause Young (Normal) (G1 Preventive Collection) 1017M->1018M(1024M) 0.935ms
[11.039s][info][gc] GC(778) Pause Young (Normal) (G1 Preventive Collection) 1019M->1019M(1024M) 1.047ms
[11.040s][info][gc] GC(779) To-space exhausted
[11.040s][info][gc] GC(779) Pause Young (Normal) (G1 Preventive Collection) 1020M->1022M(1024M) 0.711ms
[11.088s][info][gc] GC(780) Pause Full (G1 Compaction Pause) 1022M->350M(1024M) 47.854ms
[11.088s][info][gc] GC(769) Concurrent Mark Cycle 81.571ms
[11.120s][info][gc] GC(781) Pause Young (Normal) (G1 Evacuation Pause) 528M->528M(1024M) 21.644ms
