[0.009s][info][gc] Using Parallel
[0.281s][info][gc] GC(0) Pause Young (Allocation Failure) 128M->120M(491M) 33.745ms
[0.350s][info][gc] GC(1) Pause Young (Allocation Failure) 248M->247M(619M) 45.452ms
[0.409s][info][gc] GC(2) Pause Full (Ergonomics) 247M->247M(824M) 58.245ms
[0.563s][info][gc] GC(3) Pause Young (Allocation Failure) 504M->503M(866M) 75.228ms
[0.627s][info][gc] GC(4) Pause Full (Ergonomics) 503M->503M(1003M) 63.493ms
[0.712s][info][gc] GC(5) Pause Full (Ergonomics) 802M->177M(1003M) 44.385ms
[0.791s][info][gc] GC(6) Pause Young (Allocation Failure) 476M->474M(1003M) 50.087ms
[0.814s][info][gc] GC(7) Pause Full (Ergonomics) 474M->474M(1003M) 22.504ms
[0.871s][info][gc] GC(8) Pause Full (Ergonomics) 773M->145M(1003M) 25.610ms
[0.954s][info][gc] GC(9) Pause Young (Allocation Failure) 444M->442M(1003M) 52.739ms
[1.058s][info][gc] GC(10) Pause Full (Ergonomics) 442M->442M(1003M) 103.822ms
[1.167s][info][gc] GC(11) Pause Full (Ergonomics) 741M->113M(1003M) 56.730ms
[1.254s][info][gc] GC(12) Pause Young (Allocation Failure) 412M->410M(1003M) 48.520ms
[1.325s][info][gc] GC(13) Pause Full (Ergonomics) 410M->409M(1003M) 70.556ms
[1.373s][info][gc] GC(14) Pause Full (Ergonomics) 708M->81M(1003M) 17.562ms
[1.452s][info][gc] GC(15) Pause Young (Allocation Failure) 380M->377M(1003M) 45.419ms
[1.581s][info][gc] GC(16) Pause Full (Ergonomics) 377M->377M(1003M) 128.145ms
[1.640s][info][gc] GC(17) Pause Young (Allocation Failure) 676M->425M(1003M) 19.144ms
[1.652s][info][gc] GC(18) Pause Full (Ergonomics) 425M->49M(1003M) 12.211ms
[1.754s][info][gc] GC(19) Pause Young (Allocation Failure) 348M->345M(1003M) 52.647ms
[1.855s][info][gc] GC(20) Pause Full (Ergonomics) 345M->345M(1003M) 100.896ms
[1.904s][info][gc] GC(21) Pause Young (Allocation Failure) 644M->361M(1001M) 5.425ms
[1.912s][info][gc] GC(22) Pause Full (Ergonomics) 361M->16M(1002M) 7.568ms
[2.104s][info][gc] GC(23) Pause Young (Allocation Failure) 313M->313M(1001M) 119.316ms
[2.231s][info][gc] GC(24) Pause Full (Ergonomics) 313M->312M(1001M) 127.315ms
[2.448s][info][gc] GC(25) Pause Young (Allocation Failure) 608M->608M(1000M) 108.699ms
[2.486s][info][gc] GC(26) Pause Full (Ergonomics) 608M->608M(1001M) 37.758ms
[2.655s][info][gc] GC(27) Pause Full (Ergonomics) 903M->275M(1001M) 80.722ms
[2.848s][info][gc] GC(28) Pause Young (Allocation Failure) 570M->568M(1001M) 91.927ms
[3.032s][info][gc] GC(29) Pause Full (Ergonomics) 568M->568M(1000M) 184.147ms
[3.179s][info][gc] GC(30) Pause Full (Ergonomics) 862M->235M(1000M) 70.959ms
[3.340s][info][gc] GC(31) Pause Young (Allocation Failure) 529M->528M(998M) 77.720ms
[3.491s][info][gc] GC(32) Pause Full (Ergonomics) 528M->528M(999M) 151.810ms
[3.611s][info][gc] GC(33) Pause Full (Ergonomics) 820M->192M(999M) 44.500ms
[3.722s][info][gc] GC(34) Pause Young (Allocation Failure) 484M->482M(999M) 57.849ms
[3.825s][info][gc] GC(35) Pause Full (Ergonomics) 482M->481M(998M) 102.702ms
[3.919s][info][gc] GC(36) Pause Full (Ergonomics) 772M->146M(999M) 27.175ms
[4.031s][info][gc] GC(37) Pause Young (Allocation Failure) 437M->436M(997M) 56.035ms
[4.114s][info][gc] GC(38) Pause Full (Ergonomics) 436M->435M(998M) 83.146ms
[4.170s][info][gc] GC(39) Pause Full (Ergonomics) 724M->96M(998M) 17.907ms
[4.266s][info][gc] GC(40) Pause Young (Allocation Failure) 385M->383M(998M) 47.259ms
[4.275s][info][gc] GC(41) Pause Full (Ergonomics) 383M->383M(996M) 8.796ms
[4.334s][info][gc] GC(42) Pause Young (Allocation Failure) 670M->427M(997M) 10.994ms
[4.344s][info][gc] GC(43) Pause Full (Ergonomics) 427M->45M(994M) 9.976ms
[4.436s][info][gc] GC(44) Pause Young (Allocation Failure) 329M->328M(995M) 45.434ms
[4.494s][info][gc] GC(45) Pause Full (Ergonomics) 328M->327M(992M) 57.707ms
[4.608s][info][gc] GC(46) Pause Young (Allocation Failure) 608M->607M(994M) 74.992ms
[4.623s][info][gc] GC(47) Pause Full (Ergonomics) 607M->607M(990M) 14.327ms
[4.716s][info][gc] GC(48) Pause Full (Ergonomics) 884M->259M(992M) 46.688ms
[4.807s][info][gc] GC(49) Pause Young (Allocation Failure) 536M->535M(988M) 52.734ms
[4.914s][info][gc] GC(50) Pause Full (Ergonomics) 535M->534M(990M) 107.195ms
[4.989s][info][gc] GC(51) Pause Full (Ergonomics) 807M->182M(990M) 27.661ms
[5.092s][info][gc] GC(52) Pause Young (Allocation Failure) 455M->455M(990M) 57.786ms
[5.181s][info][gc] GC(53) Pause Full (Ergonomics) 455M->455M(985M) 87.788ms
[5.240s][info][gc] GC(54) Pause Full (Ergonomics) 723M->96M(987M) 19.288ms
[5.329s][info][gc] GC(55) Pause Young (Allocation Failure) 364M->363M(981M) 43.350ms
[5.406s][info][gc] GC(56) Pause Full (Ergonomics) 363M->363M(984M) 77.442ms
[5.504s][info][gc] GC(57) Pause Young (Allocation Failure) 625M->623M(977M) 50.515ms
[5.520s][info][gc] GC(58) Pause Full (Ergonomics) 623M->623M(981M) 16.579ms
[5.604s][info][gc] GC(59) Pause Full (Ergonomics) 878M->252M(981M) 48.907ms
[5.693s][info][gc] GC(60) Pause Young (Allocation Failure) 507M->507M(981M) 53.670ms
[5.807s][info][gc] GC(61) Pause Full (Ergonomics) 507M->506M(973M) 113.926ms
[5.873s][info][gc] GC(62) Pause Full (Ergonomics) 753M->126M(977M) 26.311ms
[5.956s][info][gc] GC(63) Pause Young (Allocation Failure) 373M->371M(968M) 41.806ms
[6.042s][info][gc] GC(64) Pause Young (Allocation Failure) 609M->607M(972M) 52.578ms
[6.160s][info][gc] GC(65) Pause Full (Ergonomics) 607M->607M(961M) 117.725ms
[6.247s][info][gc] GC(66) Pause Full (Ergonomics) 834M->209M(967M) 45.281ms
[6.320s][info][gc] GC(67) Pause Young (Allocation Failure) 436M->435M(954M) 36.755ms
[6.402s][info][gc] GC(68) Pause Full (Ergonomics) 435M->435M(960M) 81.694ms
[6.436s][info][gc] GC(69) Pause Young (Allocation Failure) 649M->458M(959M) 4.124ms
[6.442s][info][gc] GC(70) Pause Full (Ergonomics) 458M->23M(960M) 6.159ms
[6.520s][info][gc] GC(71) Pause Young (Allocation Failure) 237M->237M(946M) 37.660ms
[6.602s][info][gc] GC(72) Pause Young (Allocation Failure) 437M->434M(953M) 48.165ms
[6.636s][info][gc] GC(73) Pause Young (Allocation Failure) 634M->371M(931M) 2.929ms
[6.695s][info][gc] GC(74) Pause Young (Allocation Failure) 549M->547M(942M) 32.820ms
[6.725s][info][gc] GC(75) Pause Full (Ergonomics) 547M->184M(918M) 30.526ms
[6.777s][info][gc] GC(76) Pause Young (Allocation Failure) 338M->337M(930M) 27.393ms
[6.858s][info][gc] GC(77) Pause Young (Allocation Failure) 491M->489M(890M) 50.654ms
[6.912s][info][gc] GC(78) Pause Young (Allocation Failure) 603M->603M(910M) 36.540ms
[6.938s][info][gc] GC(79) Pause Full (Ergonomics) 603M->603M(910M) 26.401ms
[6.973s][info][gc] GC(80) Pause Full (Ergonomics) 717M->91M(910M) 15.858ms
[7.017s][info][gc] GC(81) Pause Young (Allocation Failure) 205M->204M(910M) 18.277ms
[7.062s][info][gc] GC(82) Pause Young (Allocation Failure) 318M->318M(910M) 30.960ms
[7.116s][info][gc] GC(83) Pause Young (Allocation Failure) 432M->431M(910M) 34.685ms
[7.175s][info][gc] GC(84) Pause Young (Allocation Failure) 545M->545M(910M) 42.306ms
[7.202s][info][gc] GC(85) Pause Young (Allocation Failure) 659M->464M(910M) 15.379ms
[7.243s][info][gc] GC(86) Pause Young (Allocation Failure) 578M->578M(910M) 24.045ms
[7.274s][info][gc] GC(87) Pause Full (Ergonomics) 578M->147M(910M) 31.234ms
[7.318s][info][gc] GC(88) Pause Young (Allocation Failure) 261M->260M(910M) 20.760ms
[7.376s][info][gc] GC(89) Pause Young (Allocation Failure) 374M->374M(910M) 37.933ms
[7.428s][info][gc] GC(90) Pause Young (Allocation Failure) 488M->487M(910M) 41.704ms
[7.487s][info][gc] GC(91) Pause Young (Allocation Failure) 601M->601M(910M) 39.437ms
[7.523s][info][gc] GC(92) Pause Young (Allocation Failure) 715M->576M(910M) 18.682ms
[7.572s][info][gc] GC(93) Pause Young (Allocation Failure) 690M->690M(910M) 35.467ms
[7.605s][info][gc] GC(94) Pause Full (Ergonomics) 690M->203M(910M) 32.788ms
[7.643s][info][gc] GC(95) Pause Young (Allocation Failure) 317M->316M(910M) 21.683ms
[7.696s][info][gc] GC(96) Pause Young (Allocation Failure) 430M->430M(910M) 34.425ms
[7.748s][info][gc] GC(97) Pause Young (Allocation Failure) 543M->543M(910M) 39.271ms
[7.787s][info][gc] GC(98) Pause Young (Allocation Failure) 657M->461M(910M) 11.415ms
[7.832s][info][gc] GC(99) Pause Young (Allocation Failure) 575M->575M(910M) 25.614ms
[7.898s][info][gc] GC(100) Pause Young (Allocation Failure) 689M->688M(910M) 49.125ms
[7.961s][info][gc] GC(101) Pause Full (Ergonomics) 688M->259M(910M) 62.342ms
[8.005s][info][gc] GC(102) Pause Young (Allocation Failure) 373M->372M(910M) 20.777ms
[8.077s][info][gc] GC(103) Pause Young (Allocation Failure) 486M->486M(910M) 51.328ms
[8.138s][info][gc] GC(104) Pause Young (Allocation Failure) 600M->599M(910M) 41.369ms
[8.178s][info][gc] GC(105) Pause Young (Allocation Failure) 713M->573M(910M) 16.852ms
[8.241s][info][gc] GC(106) Pause Young (Allocation Failure) 687M->686M(910M) 44.864ms
[8.291s][info][gc] GC(107) Pause Full (Ergonomics) 686M->200M(910M) 50.133ms
[8.337s][info][gc] GC(108) Pause Young (Allocation Failure) 314M->314M(910M) 27.631ms
[8.430s][info][gc] GC(109) Pause Young (Allocation Failure) 428M->427M(910M) 63.833ms
[8.518s][info][gc] GC(110) Pause Young (Allocation Failure) 541M->540M(910M) 56.923ms
[8.568s][info][gc] GC(111) Pause Young (Allocation Failure) 654M->455M(910M) 12.958ms
[8.633s][info][gc] GC(112) Pause Young (Allocation Failure) 569M->568M(910M) 33.120ms
[8.701s][info][gc] GC(113) Pause Young (Allocation Failure) 682M->682M(910M) 43.472ms
[8.753s][info][gc] GC(114) Pause Full (Ergonomics) 682M->255M(910M) 51.842ms
[8.788s][info][gc] GC(115) Pause Young (Allocation Failure) 369M->368M(910M) 17.140ms
[8.845s][info][gc] GC(116) Pause Young (Allocation Failure) 482M->481M(910M) 38.270ms
[8.904s][info][gc] GC(117) Pause Young (Allocation Failure) 595M->595M(910M) 39.316ms
[8.937s][info][gc] GC(118) Pause Young (Allocation Failure) 709M->564M(910M) 12.943ms
[8.998s][info][gc] GC(119) Pause Young (Allocation Failure) 678M->677M(910M) 39.478ms
[9.038s][info][gc] GC(120) Pause Full (Ergonomics) 677M->196M(910M) 39.177ms
[9.080s][info][gc] GC(121) Pause Young (Allocation Failure) 310M->309M(910M) 20.678ms
[9.144s][info][gc] GC(122) Pause Young (Allocation Failure) 423M->423M(910M) 43.865ms
[9.196s][info][gc] GC(123) Pause Young (Allocation Failure) 537M->536M(910M) 38.101ms
[9.216s][info][gc] GC(124) Pause Young (Allocation Failure) 650M->447M(910M) 4.041ms
[9.256s][info][gc] GC(125) Pause Young (Allocation Failure) 561M->560M(910M) 24.154ms
[9.311s][info][gc] GC(126) Pause Young (Allocation Failure) 674M->673M(910M) 37.949ms
[9.355s][info][gc] GC(127) Pause Full (Ergonomics) 673M->251M(910M) 43.287ms
[9.392s][info][gc] GC(128) Pause Young (Allocation Failure) 365M->364M(910M) 17.955ms
[9.449s][info][gc] GC(129) Pause Young (Allocation Failure) 478M->477M(910M) 41.491ms
[9.511s][info][gc] GC(130) Pause Young (Allocation Failure) 591M->591M(910M) 39.695ms
[9.561s][info][gc] GC(131) Pause Young (Allocation Failure) 705M->556M(910M) 26.769ms
[9.622s][info][gc] GC(132) Pause Young (Allocation Failure) 670M->669M(910M) 33.487ms
[9.661s][info][gc] GC(133) Pause Full (Ergonomics) 669M->192M(910M) 39.415ms
[9.694s][info][gc] GC(134) Pause Young (Allocation Failure) 306M->305M(910M) 16.797ms
[9.749s][info][gc] GC(135) Pause Young (Allocation Failure) 419M->419M(910M) 37.821ms
[9.806s][info][gc] GC(136) Pause Young (Allocation Failure) 533M->532M(910M) 40.971ms
[9.829s][info][gc] GC(137) Pause Young (Allocation Failure) 646M->438M(910M) 4.892ms
[9.877s][info][gc] GC(138) Pause Young (Allocation Failure) 552M->552M(910M) 28.378ms
[9.935s][info][gc] GC(139) Pause Young (Allocation Failure) 666M->665M(910M) 39.874ms
[9.981s][info][gc] GC(140) Pause Full (Ergonomics) 665M->246M(910M) 46.048ms
[10.018s][info][gc] GC(141) Pause Young (Allocation Failure) 360M->360M(910M) 18.061ms
[10.080s][info][gc] GC(142) Pause Young (Allocation Failure) 474M->473M(910M) 45.263ms
[10.148s][info][gc] GC(143) Pause Young (Allocation Failure) 587M->586M(910M) 47.323ms
[10.198s][info][gc] GC(144) Pause Young (Allocation Failure) 700M->547M(910M) 23.272ms
[10.255s][info][gc] GC(145) Pause Young (Allocation Failure) 661M->660M(910M) 38.575ms
[10.290s][info][gc] GC(146) Pause Full (Ergonomics) 660M->188M(910M) 34.785ms
[10.324s][info][gc] GC(147) Pause Young (Allocation Failure) 302M->301M(910M) 17.724ms
[10.384s][info][gc] GC(148) Pause Young (Allocation Failure) 415M->414M(910M) 40.199ms
[10.446s][info][gc] GC(149) Pause Young (Allocation Failure) 528M->528M(910M) 44.469ms
[10.470s][info][gc] GC(150) Pause Young (Allocation Failure) 642M->430M(910M) 3.741ms
[10.514s][info][gc] GC(151) Pause Young (Allocation Failure) 544M->543M(910M) 25.663ms
[10.593s][info][gc] GC(152) Pause Young (Allocation Failure) 657M->656M(910M) 44.263ms
[10.643s][info][gc] GC(153) Pause Full (Ergonomics) 656M->242M(910M) 49.777ms
[10.692s][info][gc] GC(154) Pause Young (Allocation Failure) 356M->355M(910M) 24.087ms
[10.762s][info][gc] GC(155) Pause Young (Allocation Failure) 469M->469M(910M) 45.028ms
[10.822s][info][gc] GC(156) Pause Young (Allocation Failure) 583M->582M(910M) 39.802ms
[10.855s][info][gc] GC(157) Pause Young (Allocation Failure) 696M->539M(910M) 15.327ms
[10.913s][info][gc] GC(158) Pause Young (Allocation Failure) 653M->652M(910M) 39.826ms
[10.951s][info][gc] GC(159) Pause Full (Ergonomics) 652M->184M(910M) 38.006ms
[10.992s][info][gc] GC(160) Pause Young (Allocation Failure) 298M->297M(910M) 18.801ms
[11.059s][info][gc] GC(161) Pause Young (Allocation Failure) 411M->410M(910M) 47.530ms
[11.121s][info][gc] GC(162) Pause Young (Allocation Failure) 524M->524M(910M) 41.416ms
[11.149s][info][gc] GC(163) Pause Young (Allocation Failure) 638M->421M(910M) 2.908ms
[11.204s][info][gc] GC(164) Pause Young (Allocation Failure) 535M->535M(910M) 31.916ms
[11.302s][info][gc] GC(165) Pause Young (Allocation Failure) 649M->648M(910M) 51.565ms
[11.351s][info][gc] GC(166) Pause Full (Ergonomics) 648M->238M(910M) 49.164ms
[11.395s][info][gc] GC(167) Pause Young (Allocation Failure) 352M->351M(910M) 26.409ms
[11.453s][info][gc] GC(168) Pause Young (Allocation Failure) 465M->464M(910M) 39.748ms
[11.520s][info][gc] GC(169) Pause Young (Allocation Failure) 578M->578M(910M) 42.611ms
[11.548s][info][gc] GC(170) Pause Young (Allocation Failure) 692M->530M(910M) 12.062ms
[11.605s][info][gc] GC(171) Pause Young (Allocation Failure) 644M->643M(910M) 40.295ms
[11.638s][info][gc] GC(172) Pause Full (Ergonomics) 643M->179M(910M) 32.356ms
[11.679s][info][gc] GC(173) Pause Young (Allocation Failure) 293M->293M(910M) 19.460ms
[11.746s][info][gc] GC(174) Pause Young (Allocation Failure) 407M->406M(910M) 48.612ms
[11.815s][info][gc] GC(175) Pause Young (Allocation Failure) 520M->519M(910M) 44.625ms
[11.834s][info][gc] GC(176) Pause Young (Allocation Failure) 633M->413M(910M) 1.963ms
[11.878s][info][gc] GC(177) Pause Young (Allocation Failure) 527M->526M(910M) 27.681ms
[11.948s][info][gc] GC(178) Pause Young (Allocation Failure) 640M->639M(910M) 49.343ms
[11.996s][info][gc] GC(179) Pause Full (Ergonomics) 639M->234M(910M) 47.892ms
[12.031s][info][gc] GC(180) Pause Young (Allocation Failure) 348M->347M(910M) 18.205ms
[12.100s][info][gc] GC(181) Pause Young (Allocation Failure) 461M->460M(910M) 40.929ms
[12.163s][info][gc] GC(182) Pause Young (Allocation Failure) 574M->573M(910M) 43.065ms
[12.196s][info][gc] GC(183) Pause Young (Allocation Failure) 687M->522M(910M) 12.101ms
[12.248s][info][gc] GC(184) Pause Young (Allocation Failure) 636M->635M(910M) 33.953ms
[12.288s][info][gc] GC(185) Pause Full (Ergonomics) 635M->175M(910M) 39.831ms
[12.333s][info][gc] GC(186) Pause Young (Allocation Failure) 289M->288M(910M) 25.337ms
[12.395s][info][gc] GC(187) Pause Young (Allocation Failure) 402M->402M(910M) 40.969ms
[12.460s][info][gc] GC(188) Pause Young (Allocation Failure) 516M->515M(910M) 48.737ms
[12.478s][info][gc] GC(189) Pause Young (Allocation Failure) 629M->404M(910M) 1.663ms
[12.517s][info][gc] GC(190) Pause Young (Allocation Failure) 518M->518M(910M) 21.763ms
[12.576s][info][gc] GC(191) Pause Young (Allocation Failure) 632M->631M(910M) 40.376ms
[12.617s][info][gc] GC(192) Pause Full (Ergonomics) 631M->229M(910M) 40.752ms
[12.653s][info][gc] GC(193) Pause Young (Allocation Failure) 343M->343M(910M) 16.078ms
[12.716s][info][gc] GC(194) Pause Young (Allocation Failure) 457M->456M(910M) 42.945ms
[12.778s][info][gc] GC(195) Pause Young (Allocation Failure) 570M->569M(910M) 42.044ms
[12.817s][info][gc] GC(196) Pause Young (Allocation Failure) 683M->513M(910M) 11.240ms
[12.874s][info][gc] GC(197) Pause Young (Allocation Failure) 627M->626M(910M) 38.611ms
[12.910s][info][gc] GC(198) Pause Full (Ergonomics) 626M->171M(910M) 35.811ms
[12.986s][info][gc] GC(199) Pause Young (Allocation Failure) 285M->284M(910M) 23.828ms
[13.055s][info][gc] GC(200) Pause Young (Allocation Failure) 398M->397M(910M) 46.379ms
[13.122s][info][gc] GC(201) Pause Young (Allocation Failure) 511M->511M(910M) 46.000ms
[13.196s][info][gc] GC(202) Pause Young (Allocation Failure) 625M->624M(910M) 52.095ms
[13.339s][info][gc] GC(203) Pause Full (Ergonomics) 624M->624M(910M) 142.946ms
[13.386s][info][gc] GC(204) Pause Full (Ergonomics) 738M->112M(910M) 23.531ms
[13.434s][info][gc] GC(205) Pause Young (Allocation Failure) 226M->225M(910M) 21.795ms
[13.506s][info][gc] GC(206) Pause Young (Allocation Failure) 339M->339M(910M) 44.637ms
[13.586s][info][gc] GC(207) Pause Young (Allocation Failure) 453M->452M(910M) 55.835ms
[13.649s][info][gc] GC(208) Pause Young (Allocation Failure) 566M->565M(910M) 40.424ms
[13.682s][info][gc] GC(209) Pause Young (Allocation Failure) 679M->505M(910M) 10.232ms
[13.744s][info][gc] GC(210) Pause Young (Allocation Failure) 619M->618M(910M) 35.581ms
[13.782s][info][gc] GC(211) Pause Full (Ergonomics) 618M->166M(910M) 37.702ms
[13.827s][info][gc] GC(212) Pause Young (Allocation Failure) 280M->280M(910M) 18.577ms
[13.905s][info][gc] GC(213) Pause Young (Allocation Failure) 394M->393M(910M) 56.376ms
[13.966s][info][gc] GC(214) Pause Young (Allocation Failure) 507M->506M(910M) 39.024ms
[14.028s][info][gc] GC(215) Pause Young (Allocation Failure) 620M->620M(910M) 41.167ms
[14.060s][info][gc] GC(216) Pause Full (Ergonomics) 620M->620M(910M) 31.460ms
[14.101s][info][gc] GC(217) Pause Full (Ergonomics) 734M->108M(910M) 22.011ms
[14.149s][info][gc] GC(218) Pause Young (Allocation Failure) 222M->221M(910M) 20.144ms
[14.212s][info][gc] GC(219) Pause Young (Allocation Failure) 335M->334M(910M) 39.320ms
[14.269s][info][gc] GC(220) Pause Young (Allocation Failure) 448M->448M(910M) 37.233ms
[14.329s][info][gc] GC(221) Pause Young (Allocation Failure) 562M->561M(910M) 38.209ms
[14.357s][info][gc] GC(222) Pause Young (Allocation Failure) 675M->496M(910M) 10.502ms
[14.402s][info][gc] GC(223) Pause Young (Allocation Failure) 610M->610M(910M) 30.128ms
[14.463s][info][gc] GC(224) Pause Young (Allocation Failure) 724M->723M(910M) 45.213ms
[14.513s][info][gc] GC(225) Pause Full (Ergonomics) 723M->275M(910M) 49.719ms
[14.556s][info][gc] GC(226) Pause Young (Allocation Failure) 389M->389M(910M) 22.188ms
[14.619s][info][gc] GC(227) Pause Young (Allocation Failure) 503M->502M(910M) 37.462ms
[14.679s][info][gc] GC(228) Pause Young (Allocation Failure) 616M->615M(910M) 39.499ms
[14.705s][info][gc] GC(229) Pause Full (Ergonomics) 615M->615M(910M) 26.813ms
[14.755s][info][gc] GC(230) Pause Full (Ergonomics) 729M->104M(910M) 28.469ms
[14.804s][info][gc] GC(231) Pause Young (Allocation Failure) 218M->217M(910M) 17.014ms
[14.856s][info][gc] GC(232) Pause Young (Allocation Failure) 331M->330M(910M) 31.625ms
[14.914s][info][gc] GC(233) Pause Young (Allocation Failure) 444M->443M(910M) 38.068ms
[14.972s][info][gc] GC(234) Pause Young (Allocation Failure) 557M->557M(910M) 38.084ms
[15.003s][info][gc] GC(235) Pause Young (Allocation Failure) 671M->488M(910M) 8.737ms
[15.047s][info][gc] GC(236) Pause Young (Allocation Failure) 602M->601M(910M) 28.963ms
[15.112s][info][gc] GC(237) Pause Young (Allocation Failure) 715M->714M(910M) 38.814ms
[15.161s][info][gc] GC(238) Pause Full (Ergonomics) 714M->271M(910M) 49.642ms
[15.201s][info][gc] GC(239) Pause Young (Allocation Failure) 385M->384M(910M) 22.713ms
[15.261s][info][gc] GC(240) Pause Young (Allocation Failure) 498M->498M(910M) 39.166ms
[15.326s][info][gc] GC(241) Pause Young (Allocation Failure) 612M->611M(910M) 47.415ms
[15.357s][info][gc] GC(242) Pause Full (Ergonomics) 611M->611M(910M) 30.863ms
[15.401s][info][gc] GC(243) Pause Full (Ergonomics) 725M->99M(910M) 24.440ms
[15.447s][info][gc] GC(244) Pause Young (Allocation Failure) 213M->213M(910M) 20.509ms
[15.506s][info][gc] GC(245) Pause Young (Allocation Failure) 327M->326M(910M) 41.156ms
[15.572s][info][gc] GC(246) Pause Young (Allocation Failure) 440M->439M(910M) 43.295ms
[15.636s][info][gc] GC(247) Pause Young (Allocation Failure) 553M->553M(910M) 41.335ms
[15.664s][info][gc] GC(248) Pause Young (Allocation Failure) 667M->479M(910M) 7.226ms
[15.711s][info][gc] GC(249) Pause Young (Allocation Failure) 593M->593M(910M) 27.770ms
[15.777s][info][gc] GC(250) Pause Young (Allocation Failure) 707M->706M(910M) 46.765ms
[15.821s][info][gc] GC(251) Pause Full (Ergonomics) 706M->267M(910M) 44.593ms
[15.857s][info][gc] GC(252) Pause Young (Allocation Failure) 381M->380M(910M) 17.824ms
[15.911s][info][gc] GC(253) Pause Young (Allocation Failure) 494M->493M(910M) 36.919ms
[15.974s][info][gc] GC(254) Pause Young (Allocation Failure) 607M->607M(910M) 43.456ms
[16.010s][info][gc] GC(255) Pause Young (Allocation Failure) 721M->588M(910M) 16.457ms
[16.073s][info][gc] GC(256) Pause Young (Allocation Failure) 702M->701M(910M) 42.323ms
[16.110s][info][gc] GC(257) Pause Full (Ergonomics) 701M->208M(910M) 37.366ms
[16.151s][info][gc] GC(258) Pause Young (Allocation Failure) 322M->321M(910M) 20.074ms
[16.211s][info][gc] GC(259) Pause Young (Allocation Failure) 435M->435M(910M) 41.848ms
[16.274s][info][gc] GC(260) Pause Young (Allocation Failure) 549M->548M(910M) 43.909ms
[16.302s][info][gc] GC(261) Pause Young (Allocation Failure) 662M->471M(910M) 8.926ms
[16.343s][info][gc] GC(262) Pause Young (Allocation Failure) 585M->584M(910M) 26.782ms
[16.413s][info][gc] GC(263) Pause Young (Allocation Failure) 698M->697M(910M) 52.123ms
[16.489s][info][gc] GC(264) Pause Full (Ergonomics) 697M->263M(910M) 75.169ms
[16.544s][info][gc] GC(265) Pause Young (Allocation Failure) 377M->376M(910M) 26.764ms
[16.632s][info][gc] GC(266) Pause Young (Allocation Failure) 490M->489M(910M) 63.472ms
[16.713s][info][gc] GC(267) Pause Young (Allocation Failure) 603M->603M(910M) 52.563ms
