[0.007s][info][gc] Using Serial
[0.355s][info][gc] GC(0) Pause Young (Allocation Failure) 136M->128M(494M) 118.514ms
[0.498s][info][gc] GC(1) Pause Young (Allocation Failure) 265M->263M(494M) 128.780ms
[0.637s][info][gc] GC(2) Pause Young (Allocation Failure) 400M->399M(536M) 117.310ms
[0.651s][info][gc] GC(3) Pause Full (Allocation Failure) 399M->399M(924M) 13.945ms
[0.921s][info][gc] GC(4) Pause Young (Allocation Failure) 637M->595M(924M) 180.366ms
[0.951s][info][gc] GC(5) Pause Young (Allocation Failure) 850M->850M(924M) 0.042ms
[1.015s][info][gc] GC(6) Pause Full (Allocation Failure) 850M->263M(924M) 64.218ms
[1.112s][info][gc] GC(7) Pause Young (Allocation Failure) 518M->517M(924M) 74.206ms
[1.136s][info][gc] GC(8) Pause Young (Allocation Failure) 772M->772M(924M) 0.030ms
[1.167s][info][gc] GC(9) Pause Full (Allocation Failure) 772M->146M(924M) 31.281ms
[1.236s][info][gc] GC(10) Pause Young (Allocation Failure) 402M->400M(924M) 48.563ms
[1.264s][info][gc] GC(11) Pause Young (Allocation Failure) 655M->395M(924M) 5.143ms
[1.354s][info][gc] GC(12) Pause Young (Allocation Failure) 650M->648M(924M) 70.093ms
[1.371s][info][gc] GC(13) Pause Young (Allocation Failure) 903M->903M(924M) 0.028ms
[1.453s][info][gc] GC(14) Pause Full (Allocation Failure) 903M->533M(989M) 81.432ms
[1.470s][info][gc] GC(15) Pause Young (Allocation Failure) 806M->806M(989M) 0.030ms
[1.503s][info][gc] GC(16) Pause Full (Allocation Failure) 806M->179M(989M) 32.614ms
[1.570s][info][gc] GC(17) Pause Young (Allocation Failure) 452M->450M(989M) 48.972ms
[1.588s][info][gc] GC(18) Pause Young (Allocation Failure) 723M->723M(989M) 0.030ms
[1.606s][info][gc] GC(19) Pause Full (Allocation Failure) 723M->96M(940M) 17.927ms
[1.660s][info][gc] GC(20) Pause Young (Allocation Failure) 356M->354M(940M) 37.360ms
[1.719s][info][gc] GC(21) Pause Young (Allocation Failure) 614M->612M(940M) 42.386ms
[1.743s][info][gc] GC(22) Pause Young (Allocation Failure) 872M->872M(940M) 0.029ms
[1.790s][info][gc] GC(23) Pause Full (Allocation Failure) 872M->245M(940M) 46.884ms
[1.880s][info][gc] GC(24) Pause Young (Allocation Failure) 505M->503M(940M) 54.618ms
[1.914s][info][gc] GC(25) Pause Young (Allocation Failure) 763M->763M(940M) 0.029ms
[1.952s][info][gc] GC(26) Pause Full (Allocation Failure) 763M->136M(940M) 38.366ms
[2.035s][info][gc] GC(27) Pause Young (Allocation Failure) 396M->394M(940M) 40.956ms
[2.067s][info][gc] GC(28) Pause Young (Allocation Failure) 653M->388M(940M) 4.499ms
[2.141s][info][gc] GC(29) Pause Young (Allocation Failure) 648M->646M(940M) 46.173ms
[2.172s][info][gc] GC(30) Pause Young (Allocation Failure) 906M->906M(940M) 0.030ms
[2.270s][info][gc] GC(31) Pause Full (Allocation Failure) 906M->543M(989M) 97.415ms
[2.307s][info][gc] GC(32) Pause Young (Allocation Failure) 816M->816M(989M) 0.052ms
[2.344s][info][gc] GC(33) Pause Full (Allocation Failure) 816M->188M(989M) 36.179ms
[2.433s][info][gc] GC(34) Pause Young (Allocation Failure) 461M->459M(989M) 54.854ms
[2.464s][info][gc] GC(35) Pause Young (Allocation Failure) 732M->732M(989M) 0.041ms
[2.485s][info][gc] GC(36) Pause Full (Allocation Failure) 732M->105M(941M) 20.993ms
[2.564s][info][gc] GC(37) Pause Young (Allocation Failure) 364M->363M(941M) 49.411ms
[2.656s][info][gc] GC(38) Pause Young (Allocation Failure) 623M->621M(941M) 51.235ms
[2.684s][info][gc] GC(39) Pause Young (Allocation Failure) 881M->881M(941M) 0.028ms
[2.732s][info][gc] GC(40) Pause Full (Allocation Failure) 881M->254M(941M) 48.309ms
[2.818s][info][gc] GC(41) Pause Young (Allocation Failure) 514M->512M(941M) 54.026ms
[2.862s][info][gc] GC(42) Pause Young (Allocation Failure) 772M->772M(941M) 0.032ms
[2.894s][info][gc] GC(43) Pause Full (Allocation Failure) 772M->145M(941M) 31.755ms
[2.968s][info][gc] GC(44) Pause Young (Allocation Failure) 405M->403M(941M) 42.348ms
[3.008s][info][gc] GC(45) Pause Young (Allocation Failure) 663M->407M(941M) 6.182ms
[3.098s][info][gc] GC(46) Pause Young (Allocation Failure) 666M->665M(941M) 60.688ms
[3.130s][info][gc] GC(47) Pause Young (Allocation Failure) 925M->925M(941M) 0.031ms
[3.240s][info][gc] GC(48) Pause Full (Allocation Failure) 925M->552M(989M) 109.777ms
[3.277s][info][gc] GC(49) Pause Young (Allocation Failure) 825M->825M(989M) 0.031ms
[3.317s][info][gc] GC(50) Pause Full (Allocation Failure) 825M->198M(989M) 39.610ms
[3.415s][info][gc] GC(51) Pause Young (Allocation Failure) 471M->469M(989M) 61.741ms
[3.454s][info][gc] GC(52) Pause Young (Allocation Failure) 742M->742M(989M) 0.029ms
[3.477s][info][gc] GC(53) Pause Full (Allocation Failure) 742M->114M(946M) 23.100ms
[3.547s][info][gc] GC(54) Pause Young (Allocation Failure) 376M->373M(946M) 40.754ms
[3.578s][info][gc] GC(55) Pause Young (Allocation Failure) 634M->346M(946M) 0.892ms
[3.646s][info][gc] GC(56) Pause Young (Allocation Failure) 607M->605M(946M) 41.377ms
[3.674s][info][gc] GC(57) Pause Young (Allocation Failure) 866M->866M(946M) 0.030ms
[3.760s][info][gc] GC(58) Pause Full (Allocation Failure) 866M->524M(989M) 86.722ms
[3.789s][info][gc] GC(59) Pause Young (Allocation Failure) 797M->797M(989M) 0.033ms
[3.819s][info][gc] GC(60) Pause Full (Allocation Failure) 797M->170M(989M) 29.984ms
[3.907s][info][gc] GC(61) Pause Young (Allocation Failure) 443M->441M(989M) 48.064ms
[3.938s][info][gc] GC(62) Pause Young (Allocation Failure) 714M->714M(989M) 0.029ms
[3.955s][info][gc] GC(63) Pause Full (Allocation Failure) 714M->87M(940M) 17.320ms
[4.035s][info][gc] GC(64) Pause Young (Allocation Failure) 346M->345M(940M) 50.125ms
[4.107s][info][gc] GC(65) Pause Young (Allocation Failure) 605M->603M(940M) 46.191ms
[4.133s][info][gc] GC(66) Pause Young (Allocation Failure) 863M->863M(940M) 0.029ms
[4.171s][info][gc] GC(67) Pause Full (Allocation Failure) 863M->236M(940M) 38.323ms
[4.240s][info][gc] GC(68) Pause Young (Allocation Failure) 496M->494M(940M) 40.981ms
[4.266s][info][gc] GC(69) Pause Young (Allocation Failure) 753M->753M(940M) 0.028ms
[4.288s][info][gc] GC(70) Pause Full (Allocation Failure) 753M->127M(940M) 21.562ms
[4.351s][info][gc] GC(71) Pause Young (Allocation Failure) 386M->385M(940M) 37.703ms
[4.384s][info][gc] GC(72) Pause Young (Allocation Failure) 644M->370M(940M) 2.763ms
[4.458s][info][gc] GC(73) Pause Young (Allocation Failure) 629M->627M(940M) 42.765ms
[4.484s][info][gc] GC(74) Pause Young (Allocation Failure) 887M->887M(940M) 0.028ms
[4.568s][info][gc] GC(75) Pause Full (Allocation Failure) 887M->533M(989M) 83.911ms
[4.600s][info][gc] GC(76) Pause Young (Allocation Failure) 806M->806M(989M) 0.057ms
[4.630s][info][gc] GC(77) Pause Full (Allocation Failure) 806M->179M(989M) 30.461ms
[4.707s][info][gc] GC(78) Pause Young (Allocation Failure) 452M->450M(989M) 49.678ms
[4.735s][info][gc] GC(79) Pause Young (Allocation Failure) 723M->723M(989M) 0.029ms
[4.757s][info][gc] GC(80) Pause Full (Allocation Failure) 723M->95M(940M) 21.426ms
[4.841s][info][gc] GC(81) Pause Young (Allocation Failure) 355M->354M(940M) 52.250ms
[4.936s][info][gc] GC(82) Pause Young (Allocation Failure) 613M->612M(940M) 47.022ms
[4.962s][info][gc] GC(83) Pause Young (Allocation Failure) 871M->871M(940M) 0.028ms
[5.005s][info][gc] GC(84) Pause Full (Allocation Failure) 871M->244M(940M) 42.106ms
[5.073s][info][gc] GC(85) Pause Young (Allocation Failure) 504M->502M(940M) 39.552ms
[5.099s][info][gc] GC(86) Pause Young (Allocation Failure) 762M->762M(940M) 0.029ms
[5.124s][info][gc] GC(87) Pause Full (Allocation Failure) 762M->135M(940M) 24.615ms
[5.193s][info][gc] GC(88) Pause Young (Allocation Failure) 395M->393M(940M) 42.574ms
[5.223s][info][gc] GC(89) Pause Young (Allocation Failure) 653M->387M(940M) 3.989ms
[5.302s][info][gc] GC(90) Pause Young (Allocation Failure) 646M->644M(940M) 51.303ms
[5.329s][info][gc] GC(91) Pause Young (Allocation Failure) 904M->904M(940M) 0.030ms
[5.438s][info][gc] GC(92) Pause Full (Allocation Failure) 904M->542M(989M) 108.962ms
[5.477s][info][gc] GC(93) Pause Young (Allocation Failure) 815M->815M(989M) 0.029ms
[5.526s][info][gc] GC(94) Pause Full (Allocation Failure) 815M->187M(989M) 49.271ms
[5.622s][info][gc] GC(95) Pause Young (Allocation Failure) 460M->458M(989M) 52.853ms
[5.653s][info][gc] GC(96) Pause Young (Allocation Failure) 731M->731M(989M) 0.030ms
[5.673s][info][gc] GC(97) Pause Full (Allocation Failure) 731M->104M(941M) 20.706ms
[5.747s][info][gc] GC(98) Pause Young (Allocation Failure) 364M->362M(941M) 43.543ms
[5.831s][info][gc] GC(99) Pause Young (Allocation Failure) 622M->620M(941M) 51.348ms
[5.859s][info][gc] GC(100) Pause Young (Allocation Failure) 880M->880M(941M) 0.032ms
[5.902s][info][gc] GC(101) Pause Full (Allocation Failure) 880M->253M(941M) 43.485ms
[5.975s][info][gc] GC(102) Pause Young (Allocation Failure) 513M->511M(941M) 42.701ms
[6.004s][info][gc] GC(103) Pause Young (Allocation Failure) 771M->771M(941M) 0.029ms
[6.032s][info][gc] GC(104) Pause Full (Allocation Failure) 771M->144M(941M) 28.336ms
[6.114s][info][gc] GC(105) Pause Young (Allocation Failure) 404M->402M(941M) 46.385ms
[6.150s][info][gc] GC(106) Pause Young (Allocation Failure) 662M->404M(941M) 7.966ms
[6.221s][info][gc] GC(107) Pause Young (Allocation Failure) 664M->662M(941M) 44.289ms
[6.247s][info][gc] GC(108) Pause Young (Allocation Failure) 922M->922M(941M) 0.031ms
[6.346s][info][gc] GC(109) Pause Full (Allocation Failure) 922M->551M(989M) 98.855ms
[6.374s][info][gc] GC(110) Pause Young (Allocation Failure) 824M->824M(989M) 0.028ms
[6.406s][info][gc] GC(111) Pause Full (Allocation Failure) 824M->196M(989M) 32.220ms
[6.482s][info][gc] GC(112) Pause Young (Allocation Failure) 470M->467M(989M) 48.303ms
[6.511s][info][gc] GC(113) Pause Young (Allocation Failure) 740M->740M(989M) 0.030ms
[6.531s][info][gc] GC(114) Pause Full (Allocation Failure) 740M->113M(945M) 20.614ms
[6.599s][info][gc] GC(115) Pause Young (Allocation Failure) 374M->371M(945M) 41.310ms
[6.628s][info][gc] GC(116) Pause Young (Allocation Failure) 633M->344M(945M) 0.818ms
[6.696s][info][gc] GC(117) Pause Young (Allocation Failure) 605M->602M(945M) 39.751ms
[6.721s][info][gc] GC(118) Pause Young (Allocation Failure) 863M->863M(945M) 0.028ms
[6.800s][info][gc] GC(119) Pause Full (Allocation Failure) 863M->522M(989M) 78.992ms
[6.830s][info][gc] GC(120) Pause Young (Allocation Failure) 795M->795M(989M) 0.031ms
[6.857s][info][gc] GC(121) Pause Full (Allocation Failure) 795M->168M(989M) 27.406ms
[6.930s][info][gc] GC(122) Pause Young (Allocation Failure) 441M->439M(989M) 46.262ms
[6.957s][info][gc] GC(123) Pause Young (Allocation Failure) 713M->713M(989M) 0.066ms
[6.974s][info][gc] GC(124) Pause Full (Allocation Failure) 713M->85M(940M) 16.377ms
[7.040s][info][gc] GC(125) Pause Young (Allocation Failure) 345M->344M(940M) 40.123ms
[7.110s][info][gc] GC(126) Pause Young (Allocation Failure) 603M->602M(940M) 43.840ms
[7.139s][info][gc] GC(127) Pause Young (Allocation Failure) 861M->861M(940M) 0.031ms
[7.179s][info][gc] GC(128) Pause Full (Allocation Failure) 861M->234M(940M) 40.124ms
[7.245s][info][gc] GC(129) Pause Young (Allocation Failure) 494M->492M(940M) 37.661ms
[7.272s][info][gc] GC(130) Pause Young (Allocation Failure) 752M->752M(940M) 0.028ms
[7.294s][info][gc] GC(131) Pause Full (Allocation Failure) 752M->125M(940M) 22.572ms
[7.357s][info][gc] GC(132) Pause Young (Allocation Failure) 385M->383M(940M) 37.378ms
[7.384s][info][gc] GC(133) Pause Young (Allocation Failure) 643M->367M(940M) 2.174ms
[7.463s][info][gc] GC(134) Pause Young (Allocation Failure) 626M->624M(940M) 53.262ms
[7.493s][info][gc] GC(135) Pause Young (Allocation Failure) 884M->884M(940M) 0.031ms
[7.588s][info][gc] GC(136) Pause Full (Allocation Failure) 884M->532M(989M) 94.223ms
[7.617s][info][gc] GC(137) Pause Young (Allocation Failure) 805M->805M(989M) 0.029ms
[7.654s][info][gc] GC(138) Pause Full (Allocation Failure) 805M->177M(989M) 37.186ms
[7.747s][info][gc] GC(139) Pause Young (Allocation Failure) 450M->448M(989M) 51.220ms
[7.778s][info][gc] GC(140) Pause Young (Allocation Failure) 721M->721M(989M) 0.031ms
[7.798s][info][gc] GC(141) Pause Full (Allocation Failure) 721M->94M(940M) 19.798ms
[7.869s][info][gc] GC(142) Pause Young (Allocation Failure) 353M->352M(940M) 41.383ms
[7.955s][info][gc] GC(143) Pause Young (Allocation Failure) 612M->610M(940M) 54.956ms
[7.985s][info][gc] GC(144) Pause Young (Allocation Failure) 870M->870M(940M) 0.039ms
[8.030s][info][gc] GC(145) Pause Full (Allocation Failure) 870M->243M(940M) 45.344ms
[8.112s][info][gc] GC(146) Pause Young (Allocation Failure) 503M->501M(940M) 46.205ms
[8.144s][info][gc] GC(147) Pause Young (Allocation Failure) 760M->760M(940M) 0.030ms
[8.173s][info][gc] GC(148) Pause Full (Allocation Failure) 760M->134M(940M) 28.505ms
[8.249s][info][gc] GC(149) Pause Young (Allocation Failure) 393M->392M(940M) 43.758ms
[8.284s][info][gc] GC(150) Pause Young (Allocation Failure) 651M->384M(940M) 3.905ms
[8.363s][info][gc] GC(151) Pause Young (Allocation Failure) 643M->641M(940M) 48.589ms
[8.392s][info][gc] GC(152) Pause Young (Allocation Failure) 901M->901M(940M) 0.029ms
[8.478s][info][gc] GC(153) Pause Full (Allocation Failure) 901M->540M(989M) 85.652ms
[8.504s][info][gc] GC(154) Pause Young (Allocation Failure) 813M->813M(989M) 0.027ms
[8.535s][info][gc] GC(155) Pause Full (Allocation Failure) 813M->186M(989M) 30.730ms
[8.611s][info][gc] GC(156) Pause Young (Allocation Failure) 459M->457M(989M) 47.124ms
[8.637s][info][gc] GC(157) Pause Young (Allocation Failure) 730M->730M(989M) 0.029ms
[8.657s][info][gc] GC(158) Pause Full (Allocation Failure) 730M->102M(940M) 19.371ms
[8.724s][info][gc] GC(159) Pause Young (Allocation Failure) 362M->361M(940M) 40.433ms
[8.796s][info][gc] GC(160) Pause Young (Allocation Failure) 620M->619M(940M) 43.680ms
[8.822s][info][gc] GC(161) Pause Young (Allocation Failure) 878M->878M(940M) 0.028ms
[8.862s][info][gc] GC(162) Pause Full (Allocation Failure) 878M->251M(940M) 40.054ms
[8.927s][info][gc] GC(163) Pause Young (Allocation Failure) 511M->509M(940M) 38.783ms
[8.954s][info][gc] GC(164) Pause Young (Allocation Failure) 769M->769M(940M) 0.028ms
[8.981s][info][gc] GC(165) Pause Full (Allocation Failure) 769M->142M(940M) 26.916ms
[9.063s][info][gc] GC(166) Pause Young (Allocation Failure) 402M->400M(940M) 51.529ms
[9.098s][info][gc] GC(167) Pause Young (Allocation Failure) 659M->400M(940M) 4.998ms
[9.180s][info][gc] GC(168) Pause Young (Allocation Failure) 660M->658M(940M) 53.449ms
[9.211s][info][gc] GC(169) Pause Young (Allocation Failure) 917M->917M(940M) 0.040ms
[9.305s][info][gc] GC(170) Pause Full (Allocation Failure) 917M->549M(989M) 93.783ms
